GPU: NVIDIA RTX PRO 6000 Blackwell Max-Q Workstation Edition
Train: 880,572, Dev: 1,166
Initialized from: models/97_tuning/bs64_lr1em03_adamw/best_model.pt
Epoch 01 | 00100/13759 | loss 4.0045 | ppl 54.84 | lr 6e-06 | 4.1s
Epoch 01 | 00200/13759 | loss 3.9737 | ppl 53.18 | lr 1.2e-05 | 7.2s
Epoch 01 | 00300/13759 | loss 3.9385 | ppl 51.34 | lr 1.8e-05 | 10.5s
Epoch 01 | 00400/13759 | loss 3.9100 | ppl 49.90 | lr 2.4e-05 | 13.8s
Epoch 01 | 00500/13759 | loss 3.8862 | ppl 48.73 | lr 3e-05 | 17.0s
Epoch 01 | 00600/13759 | loss 3.8631 | ppl 47.61 | lr 2.738613e-05 | 20.2s
Epoch 01 | 00700/13759 | loss 3.8470 | ppl 46.85 | lr 2.535463e-05 | 23.4s
Epoch 01 | 00800/13759 | loss 3.8355 | ppl 46.32 | lr 2.371708e-05 | 26.6s
Epoch 01 | 00900/13759 | loss 3.8235 | ppl 45.76 | lr 2.236068e-05 | 29.7s
Epoch 01 | 01000/13759 | loss 3.8155 | ppl 45.40 | lr 2.12132e-05 | 33.0s
Epoch 01 | 01100/13759 | loss 3.8060 | ppl 44.97 | lr 2.0226e-05 | 36.3s
Epoch 01 | 01200/13759 | loss 3.8000 | ppl 44.70 | lr 1.936492e-05 | 39.6s
Epoch 01 | 01300/13759 | loss 3.7954 | ppl 44.50 | lr 1.860521e-05 | 42.9s
Epoch 01 | 01400/13759 | loss 3.7905 | ppl 44.28 | lr 1.792843e-05 | 46.1s
Epoch 01 | 01500/13759 | loss 3.7859 | ppl 44.08 | lr 1.732051e-05 | 49.3s
Epoch 01 | 01600/13759 | loss 3.7816 | ppl 43.89 | lr 1.677051e-05 | 52.5s
Epoch 01 | 01700/13759 | loss 3.7778 | ppl 43.72 | lr 1.626978e-05 | 55.7s
Epoch 01 | 01800/13759 | loss 3.7745 | ppl 43.58 | lr 1.581139e-05 | 58.9s
Epoch 01 | 01900/13759 | loss 3.7706 | ppl 43.40 | lr 1.538968e-05 | 62.2s
Epoch 01 | 02000/13759 | loss 3.7660 | ppl 43.21 | lr 1.5e-05 | 65.4s
Epoch 01 | 02100/13759 | loss 3.7622 | ppl 43.04 | lr 1.46385e-05 | 68.7s
Epoch 01 | 02200/13759 | loss 3.7586 | ppl 42.89 | lr 1.430194e-05 | 71.9s
Epoch 01 | 02300/13759 | loss 3.7562 | ppl 42.79 | lr 1.398757e-05 | 74.8s
Epoch 01 | 02400/13759 | loss 3.7540 | ppl 42.69 | lr 1.369306e-05 | 77.7s
Epoch 01 | 02500/13759 | loss 3.7516 | ppl 42.59 | lr 1.341641e-05 | 81.2s
Epoch 01 | 02600/13759 | loss 3.7491 | ppl 42.48 | lr 1.315587e-05 | 84.4s
Epoch 01 | 02700/13759 | loss 3.7470 | ppl 42.39 | lr 1.290994e-05 | 87.9s
Epoch 01 | 02800/13759 | loss 3.7457 | ppl 42.34 | lr 1.267731e-05 | 91.3s
Epoch 01 | 02900/13759 | loss 3.7440 | ppl 42.27 | lr 1.245682e-05 | 94.8s
Epoch 01 | 03000/13759 | loss 3.7420 | ppl 42.18 | lr 1.224745e-05 | 98.3s
Epoch 01 | 03100/13759 | loss 3.7405 | ppl 42.12 | lr 1.204829e-05 | 101.7s
Epoch 01 | 03200/13759 | loss 3.7392 | ppl 42.07 | lr 1.185854e-05 | 105.2s
Epoch 01 | 03300/13759 | loss 3.7368 | ppl 41.96 | lr 1.167748e-05 | 108.7s
Epoch 01 | 03400/13759 | loss 3.7356 | ppl 41.91 | lr 1.150447e-05 | 112.1s
Epoch 01 | 03500/13759 | loss 3.7345 | ppl 41.87 | lr 1.133893e-05 | 115.4s
Epoch 01 | 03600/13759 | loss 3.7326 | ppl 41.79 | lr 1.118034e-05 | 118.7s
Epoch 01 | 03700/13759 | loss 3.7308 | ppl 41.71 | lr 1.102822e-05 | 121.9s
Epoch 01 | 03800/13759 | loss 3.7290 | ppl 41.64 | lr 1.088214e-05 | 125.0s
Epoch 01 | 03900/13759 | loss 3.7272 | ppl 41.56 | lr 1.074172e-05 | 128.2s
Epoch 01 | 04000/13759 | loss 3.7262 | ppl 41.52 | lr 1.06066e-05 | 131.4s
Epoch 01 | 04100/13759 | loss 3.7257 | ppl 41.50 | lr 1.047645e-05 | 134.6s
Epoch 01 | 04200/13759 | loss 3.7245 | ppl 41.45 | lr 1.035098e-05 | 137.8s
Epoch 01 | 04300/13759 | loss 3.7238 | ppl 41.42 | lr 1.022992e-05 | 140.9s
Epoch 01 | 04400/13759 | loss 3.7226 | ppl 41.37 | lr 1.0113e-05 | 144.1s
Epoch 01 | 04500/13759 | loss 3.7215 | ppl 41.33 | lr 1e-05 | 147.4s
Epoch 01 | 04600/13759 | loss 3.7207 | ppl 41.29 | lr 9.890707e-06 | 150.6s
Epoch 01 | 04700/13759 | loss 3.7200 | ppl 41.26 | lr 9.784921e-06 | 153.8s
Epoch 01 | 04800/13759 | loss 3.7190 | ppl 41.22 | lr 9.682458e-06 | 157.0s
Epoch 01 | 04900/13759 | loss 3.7184 | ppl 41.20 | lr 9.583148e-06 | 160.3s
Epoch 01 | 05000/13759 | loss 3.7173 | ppl 41.15 | lr 9.486833e-06 | 163.6s
Epoch 01 | 05100/13759 | loss 3.7160 | ppl 41.10 | lr 9.393364e-06 | 166.9s
Epoch 01 | 05200/13759 | loss 3.7152 | ppl 41.07 | lr 9.302605e-06 | 170.1s
Epoch 01 | 05300/13759 | loss 3.7142 | ppl 41.03 | lr 9.214427e-06 | 173.4s
Epoch 01 | 05400/13759 | loss 3.7131 | ppl 40.98 | lr 9.128709e-06 | 176.7s
Epoch 01 | 05500/13759 | loss 3.7125 | ppl 40.95 | lr 9.04534e-06 | 179.9s
Epoch 01 | 05600/13759 | loss 3.7117 | ppl 40.92 | lr 8.964215e-06 | 183.0s
Epoch 01 | 05700/13759 | loss 3.7111 | ppl 40.90 | lr 8.885233e-06 | 186.1s
Epoch 01 | 05800/13759 | loss 3.7104 | ppl 40.87 | lr 8.808303e-06 | 189.1s
Epoch 01 | 05900/13759 | loss 3.7099 | ppl 40.85 | lr 8.733338e-06 | 192.3s
Epoch 01 | 06000/13759 | loss 3.7095 | ppl 40.83 | lr 8.660254e-06 | 195.4s
Epoch 01 | 06100/13759 | loss 3.7087 | ppl 40.80 | lr 8.588975e-06 | 198.5s
Epoch 01 | 06200/13759 | loss 3.7083 | ppl 40.78 | lr 8.519428e-06 | 201.7s
Epoch 01 | 06300/13759 | loss 3.7079 | ppl 40.77 | lr 8.451543e-06 | 205.0s
Epoch 01 | 06400/13759 | loss 3.7077 | ppl 40.76 | lr 8.385255e-06 | 208.2s
Epoch 01 | 06500/13759 | loss 3.7069 | ppl 40.73 | lr 8.320503e-06 | 211.5s
Epoch 01 | 06600/13759 | loss 3.7061 | ppl 40.70 | lr 8.257228e-06 | 214.7s
Epoch 01 | 06700/13759 | loss 3.7054 | ppl 40.66 | lr 8.195375e-06 | 218.0s
Epoch 01 | 06800/13759 | loss 3.7047 | ppl 40.64 | lr 8.134892e-06 | 221.2s
Epoch 01 | 06900/13759 | loss 3.7041 | ppl 40.61 | lr 8.075729e-06 | 224.4s
Epoch 01 | 07000/13759 | loss 3.7035 | ppl 40.59 | lr 8.017837e-06 | 227.7s
Epoch 01 | 07100/13759 | loss 3.7030 | ppl 40.57 | lr 7.961173e-06 | 231.0s
Epoch 01 | 07200/13759 | loss 3.7026 | ppl 40.55 | lr 7.905694e-06 | 234.2s
Epoch 01 | 07300/13759 | loss 3.7017 | ppl 40.52 | lr 7.851359e-06 | 237.4s
Epoch 01 | 07400/13759 | loss 3.7010 | ppl 40.49 | lr 7.798129e-06 | 240.7s
Epoch 01 | 07500/13759 | loss 3.7002 | ppl 40.46 | lr 7.745967e-06 | 243.9s
Epoch 01 | 07600/13759 | loss 3.6995 | ppl 40.43 | lr 7.694838e-06 | 247.1s
Epoch 01 | 07700/13759 | loss 3.6988 | ppl 40.40 | lr 7.644708e-06 | 250.4s
Epoch 01 | 07800/13759 | loss 3.6982 | ppl 40.37 | lr 7.595545e-06 | 253.6s
Epoch 01 | 07900/13759 | loss 3.6978 | ppl 40.36 | lr 7.547319e-06 | 256.8s
Epoch 01 | 08000/13759 | loss 3.6974 | ppl 40.34 | lr 7.5e-06 | 260.0s
Epoch 01 | 08100/13759 | loss 3.6970 | ppl 40.33 | lr 7.45356e-06 | 263.3s
Epoch 01 | 08200/13759 | loss 3.6966 | ppl 40.31 | lr 7.407972e-06 | 266.5s
Epoch 01 | 08300/13759 | loss 3.6962 | ppl 40.29 | lr 7.36321e-06 | 269.8s
Epoch 01 | 08400/13759 | loss 3.6956 | ppl 40.27 | lr 7.319251e-06 | 273.1s
Epoch 01 | 08500/13759 | loss 3.6953 | ppl 40.26 | lr 7.276069e-06 | 276.3s
Epoch 01 | 08600/13759 | loss 3.6947 | ppl 40.24 | lr 7.233642e-06 | 279.5s
Epoch 01 | 08700/13759 | loss 3.6943 | ppl 40.22 | lr 7.19195e-06 | 282.8s
Epoch 01 | 08800/13759 | loss 3.6938 | ppl 40.20 | lr 7.150969e-06 | 286.1s
Epoch 01 | 08900/13759 | loss 3.6934 | ppl 40.18 | lr 7.110682e-06 | 289.3s
Epoch 01 | 09000/13759 | loss 3.6929 | ppl 40.16 | lr 7.071068e-06 | 292.6s
Epoch 01 | 09100/13759 | loss 3.6924 | ppl 40.14 | lr 7.032108e-06 | 295.8s
Epoch 01 | 09200/13759 | loss 3.6919 | ppl 40.12 | lr 6.993786e-06 | 298.9s
Epoch 01 | 09300/13759 | loss 3.6918 | ppl 40.12 | lr 6.956083e-06 | 302.1s
Epoch 01 | 09400/13759 | loss 3.6914 | ppl 40.10 | lr 6.918984e-06 | 305.4s
Epoch 01 | 09500/13759 | loss 3.6910 | ppl 40.08 | lr 6.882472e-06 | 308.6s
Epoch 01 | 09600/13759 | loss 3.6906 | ppl 40.07 | lr 6.846532e-06 | 311.8s
Epoch 01 | 09700/13759 | loss 3.6905 | ppl 40.06 | lr 6.811149e-06 | 315.0s
Epoch 01 | 09800/13759 | loss 3.6902 | ppl 40.05 | lr 6.776309e-06 | 318.2s
Epoch 01 | 09900/13759 | loss 3.6897 | ppl 40.03 | lr 6.741999e-06 | 321.5s
Epoch 01 | 10000/13759 | loss 3.6892 | ppl 40.01 | lr 6.708204e-06 | 324.5s
Epoch 01 | 10100/13759 | loss 3.6889 | ppl 40.00 | lr 6.674912e-06 | 327.8s
Epoch 01 | 10200/13759 | loss 3.6886 | ppl 39.99 | lr 6.642112e-06 | 331.0s
Epoch 01 | 10300/13759 | loss 3.6883 | ppl 39.98 | lr 6.60979e-06 | 334.2s
Epoch 01 | 10400/13759 | loss 3.6881 | ppl 39.97 | lr 6.577935e-06 | 337.6s
Epoch 01 | 10500/13759 | loss 3.6877 | ppl 39.95 | lr 6.546537e-06 | 340.8s
Epoch 01 | 10600/13759 | loss 3.6874 | ppl 39.94 | lr 6.515584e-06 | 344.0s
Epoch 01 | 10700/13759 | loss 3.6869 | ppl 39.92 | lr 6.485066e-06 | 347.2s
Epoch 01 | 10800/13759 | loss 3.6867 | ppl 39.91 | lr 6.454972e-06 | 350.3s
Epoch 01 | 10900/13759 | loss 3.6861 | ppl 39.89 | lr 6.425294e-06 | 353.4s
Epoch 01 | 11000/13759 | loss 3.6858 | ppl 39.88 | lr 6.396021e-06 | 356.5s
Epoch 01 | 11100/13759 | loss 3.6856 | ppl 39.87 | lr 6.367145e-06 | 359.8s
Epoch 01 | 11200/13759 | loss 3.6853 | ppl 39.86 | lr 6.338657e-06 | 363.0s
Epoch 01 | 11300/13759 | loss 3.6850 | ppl 39.84 | lr 6.310547e-06 | 366.3s
Epoch 01 | 11400/13759 | loss 3.6845 | ppl 39.83 | lr 6.282809e-06 | 369.5s
Epoch 01 | 11500/13759 | loss 3.6843 | ppl 39.82 | lr 6.255432e-06 | 372.8s
Epoch 01 | 11600/13759 | loss 3.6841 | ppl 39.81 | lr 6.228411e-06 | 376.0s
Epoch 01 | 11700/13759 | loss 3.6837 | ppl 39.79 | lr 6.201737e-06 | 379.2s
Epoch 01 | 11800/13759 | loss 3.6834 | ppl 39.78 | lr 6.175402e-06 | 382.5s
Epoch 01 | 11900/13759 | loss 3.6831 | ppl 39.77 | lr 6.1494e-06 | 385.5s
Epoch 01 | 12000/13759 | loss 3.6828 | ppl 39.76 | lr 6.123724e-06 | 388.6s
Epoch 01 | 12100/13759 | loss 3.6825 | ppl 39.75 | lr 6.098367e-06 | 391.8s
Epoch 01 | 12200/13759 | loss 3.6823 | ppl 39.74 | lr 6.073322e-06 | 395.1s
Epoch 01 | 12300/13759 | loss 3.6818 | ppl 39.72 | lr 6.048584e-06 | 398.3s
Epoch 01 | 12400/13759 | loss 3.6816 | ppl 39.71 | lr 6.024145e-06 | 401.5s
Epoch 01 | 12500/13759 | loss 3.6815 | ppl 39.70 | lr 6e-06 | 404.6s
Epoch 01 | 12600/13759 | loss 3.6812 | ppl 39.69 | lr 5.976143e-06 | 407.7s
Epoch 01 | 12700/13759 | loss 3.6809 | ppl 39.68 | lr 5.952568e-06 | 411.0s
Epoch 01 | 12800/13759 | loss 3.6808 | ppl 39.68 | lr 5.929271e-06 | 414.2s
Epoch 01 | 12900/13759 | loss 3.6806 | ppl 39.67 | lr 5.906244e-06 | 417.4s
Epoch 01 | 13000/13759 | loss 3.6803 | ppl 39.66 | lr 5.883484e-06 | 420.6s
Epoch 01 | 13100/13759 | loss 3.6800 | ppl 39.65 | lr 5.860985e-06 | 423.7s
Epoch 01 | 13200/13759 | loss 3.6798 | ppl 39.64 | lr 5.838742e-06 | 426.9s
Epoch 01 | 13300/13759 | loss 3.6797 | ppl 39.63 | lr 5.816751e-06 | 430.1s
Epoch 01 | 13400/13759 | loss 3.6795 | ppl 39.63 | lr 5.795006e-06 | 433.3s
Epoch 01 | 13500/13759 | loss 3.6791 | ppl 39.61 | lr 5.773503e-06 | 436.6s
Epoch 01 | 13600/13759 | loss 3.6787 | ppl 39.60 | lr 5.752237e-06 | 439.8s
Epoch 01 | 13700/13759 | loss 3.6785 | ppl 39.59 | lr 5.731205e-06 | 443.0s
/data/student/i2311021/conda_envs/100-swing-drill-gpu/lib/python3.10/site-packages/torch/nn/modules/transformer.py:531: UserWarning: The PyTorch API of nested tensors is in prototype stage and will change in the near future. We recommend specifying layout=torch.jagged when constructing a nested tensor, as this layout receives active development, has better operator coverage, and works with torch.compile. (Triggered internally at /pytorch/aten/src/ATen/NestedTensorImpl.cpp:178.)
  output = torch._nested_tensor_from_mask(
Epoch 01 complete | train loss 3.6784 | dev loss 3.4669 | train BLEU 15.61 | dev BLEU 17.34 | 450.8s
Epoch 02 | 00100/13759 | loss 3.6143 | ppl 37.13 | lr 5.698234e-06 | 3.3s
Epoch 02 | 00200/13759 | loss 3.6161 | ppl 37.19 | lr 5.677787e-06 | 6.6s
Epoch 02 | 00300/13759 | loss 3.6170 | ppl 37.22 | lr 5.657558e-06 | 9.8s
Epoch 02 | 00400/13759 | loss 3.6284 | ppl 37.65 | lr 5.637544e-06 | 13.0s
Epoch 02 | 00500/13759 | loss 3.6307 | ppl 37.74 | lr 5.617741e-06 | 16.0s
Epoch 02 | 00600/13759 | loss 3.6343 | ppl 37.87 | lr 5.598145e-06 | 19.2s
Epoch 02 | 00700/13759 | loss 3.6322 | ppl 37.79 | lr 5.578753e-06 | 22.3s
Epoch 02 | 00800/13759 | loss 3.6336 | ppl 37.85 | lr 5.559561e-06 | 25.3s
Epoch 02 | 00900/13759 | loss 3.6344 | ppl 37.88 | lr 5.540565e-06 | 28.4s
Epoch 02 | 01000/13759 | loss 3.6324 | ppl 37.80 | lr 5.521763e-06 | 31.7s
Epoch 02 | 01100/13759 | loss 3.6332 | ppl 37.83 | lr 5.503151e-06 | 34.9s
Epoch 02 | 01200/13759 | loss 3.6306 | ppl 37.73 | lr 5.484726e-06 | 38.1s
Epoch 02 | 01300/13759 | loss 3.6310 | ppl 37.75 | lr 5.466485e-06 | 41.4s
Epoch 02 | 01400/13759 | loss 3.6312 | ppl 37.76 | lr 5.448425e-06 | 44.6s
Epoch 02 | 01500/13759 | loss 3.6322 | ppl 37.80 | lr 5.430543e-06 | 47.9s
Epoch 02 | 01600/13759 | loss 3.6321 | ppl 37.79 | lr 5.412835e-06 | 51.1s
Epoch 02 | 01700/13759 | loss 3.6300 | ppl 37.71 | lr 5.3953e-06 | 54.4s
Epoch 02 | 01800/13759 | loss 3.6297 | ppl 37.70 | lr 5.377933e-06 | 57.7s
Epoch 02 | 01900/13759 | loss 3.6302 | ppl 37.72 | lr 5.360734e-06 | 60.9s
Epoch 02 | 02000/13759 | loss 3.6302 | ppl 37.72 | lr 5.343698e-06 | 64.2s
Epoch 02 | 02100/13759 | loss 3.6302 | ppl 37.72 | lr 5.326824e-06 | 67.4s
Epoch 02 | 02200/13759 | loss 3.6303 | ppl 37.72 | lr 5.310109e-06 | 70.7s
Epoch 02 | 02300/13759 | loss 3.6298 | ppl 37.70 | lr 5.29355e-06 | 73.9s
Epoch 02 | 02400/13759 | loss 3.6289 | ppl 37.67 | lr 5.277145e-06 | 77.1s
Epoch 02 | 02500/13759 | loss 3.6292 | ppl 37.68 | lr 5.260891e-06 | 80.5s
Epoch 02 | 02600/13759 | loss 3.6297 | ppl 37.70 | lr 5.244787e-06 | 84.0s
Epoch 02 | 02700/13759 | loss 3.6296 | ppl 37.70 | lr 5.22883e-06 | 87.3s
Epoch 02 | 02800/13759 | loss 3.6308 | ppl 37.74 | lr 5.213018e-06 | 90.5s
Epoch 02 | 02900/13759 | loss 3.6301 | ppl 37.72 | lr 5.197348e-06 | 93.7s
Epoch 02 | 03000/13759 | loss 3.6296 | ppl 37.70 | lr 5.181819e-06 | 97.0s
Epoch 02 | 03100/13759 | loss 3.6299 | ppl 37.71 | lr 5.166428e-06 | 100.3s
Epoch 02 | 03200/13759 | loss 3.6303 | ppl 37.73 | lr 5.151173e-06 | 103.6s
Epoch 02 | 03300/13759 | loss 3.6303 | ppl 37.73 | lr 5.136053e-06 | 106.8s
Epoch 02 | 03400/13759 | loss 3.6299 | ppl 37.71 | lr 5.121065e-06 | 110.1s
Epoch 02 | 03500/13759 | loss 3.6296 | ppl 37.70 | lr 5.106207e-06 | 113.5s
Epoch 02 | 03600/13759 | loss 3.6304 | ppl 37.73 | lr 5.091478e-06 | 116.7s
Epoch 02 | 03700/13759 | loss 3.6304 | ppl 37.73 | lr 5.076876e-06 | 119.9s
Epoch 02 | 03800/13759 | loss 3.6297 | ppl 37.70 | lr 5.062399e-06 | 123.2s
Epoch 02 | 03900/13759 | loss 3.6296 | ppl 37.70 | lr 5.048045e-06 | 126.5s
Epoch 02 | 04000/13759 | loss 3.6297 | ppl 37.70 | lr 5.033812e-06 | 129.8s
Epoch 02 | 04100/13759 | loss 3.6301 | ppl 37.72 | lr 5.019699e-06 | 133.0s
Epoch 02 | 04200/13759 | loss 3.6301 | ppl 37.72 | lr 5.005704e-06 | 136.3s
Epoch 02 | 04300/13759 | loss 3.6298 | ppl 37.70 | lr 4.991826e-06 | 139.6s
Epoch 02 | 04400/13759 | loss 3.6301 | ppl 37.72 | lr 4.978062e-06 | 142.8s
Epoch 02 | 04500/13759 | loss 3.6302 | ppl 37.72 | lr 4.964411e-06 | 146.0s
Epoch 02 | 04600/13759 | loss 3.6298 | ppl 37.71 | lr 4.950873e-06 | 149.3s
Epoch 02 | 04700/13759 | loss 3.6295 | ppl 37.69 | lr 4.937444e-06 | 152.5s
Epoch 02 | 04800/13759 | loss 3.6297 | ppl 37.70 | lr 4.924124e-06 | 155.9s
Epoch 02 | 04900/13759 | loss 3.6295 | ppl 37.70 | lr 4.910911e-06 | 159.2s
Epoch 02 | 05000/13759 | loss 3.6302 | ppl 37.72 | lr 4.897804e-06 | 162.4s
Epoch 02 | 05100/13759 | loss 3.6303 | ppl 37.72 | lr 4.884802e-06 | 165.7s
Epoch 02 | 05200/13759 | loss 3.6302 | ppl 37.72 | lr 4.871902e-06 | 169.0s
Epoch 02 | 05300/13759 | loss 3.6296 | ppl 37.70 | lr 4.859104e-06 | 172.1s
Epoch 02 | 05400/13759 | loss 3.6298 | ppl 37.70 | lr 4.846406e-06 | 175.3s
Epoch 02 | 05500/13759 | loss 3.6298 | ppl 37.70 | lr 4.833808e-06 | 178.6s
Epoch 02 | 05600/13759 | loss 3.6301 | ppl 37.72 | lr 4.821307e-06 | 181.9s
Epoch 02 | 05700/13759 | loss 3.6296 | ppl 37.70 | lr 4.808903e-06 | 185.1s
Epoch 02 | 05800/13759 | loss 3.6298 | ppl 37.71 | lr 4.796594e-06 | 188.4s
Epoch 02 | 05900/13759 | loss 3.6299 | ppl 37.71 | lr 4.784379e-06 | 191.5s
Epoch 02 | 06000/13759 | loss 3.6296 | ppl 37.70 | lr 4.772256e-06 | 194.8s
Epoch 02 | 06100/13759 | loss 3.6299 | ppl 37.71 | lr 4.760226e-06 | 198.0s
Epoch 02 | 06200/13759 | loss 3.6300 | ppl 37.71 | lr 4.748286e-06 | 201.3s
Epoch 02 | 06300/13759 | loss 3.6300 | ppl 37.71 | lr 4.736435e-06 | 204.8s
Epoch 02 | 06400/13759 | loss 3.6306 | ppl 37.73 | lr 4.724673e-06 | 208.2s
Epoch 02 | 06500/13759 | loss 3.6303 | ppl 37.73 | lr 4.712998e-06 | 211.7s
Epoch 02 | 06600/13759 | loss 3.6304 | ppl 37.73 | lr 4.701409e-06 | 215.1s
Epoch 02 | 06700/13759 | loss 3.6302 | ppl 37.72 | lr 4.689905e-06 | 218.6s
Epoch 02 | 06800/13759 | loss 3.6301 | ppl 37.72 | lr 4.678485e-06 | 222.1s
Epoch 02 | 06900/13759 | loss 3.6299 | ppl 37.71 | lr 4.667148e-06 | 225.7s
Epoch 02 | 07000/13759 | loss 3.6301 | ppl 37.72 | lr 4.655894e-06 | 229.1s
Epoch 02 | 07100/13759 | loss 3.6300 | ppl 37.71 | lr 4.64472e-06 | 232.6s
Epoch 02 | 07200/13759 | loss 3.6303 | ppl 37.73 | lr 4.633626e-06 | 236.2s
Epoch 02 | 07300/13759 | loss 3.6305 | ppl 37.73 | lr 4.622611e-06 | 239.6s
Epoch 02 | 07400/13759 | loss 3.6307 | ppl 37.74 | lr 4.611675e-06 | 243.1s
Epoch 02 | 07500/13759 | loss 3.6306 | ppl 37.74 | lr 4.600816e-06 | 246.6s
Epoch 02 | 07600/13759 | loss 3.6306 | ppl 37.73 | lr 4.590033e-06 | 250.2s
Epoch 02 | 07700/13759 | loss 3.6308 | ppl 37.74 | lr 4.579326e-06 | 253.6s
Epoch 02 | 07800/13759 | loss 3.6307 | ppl 37.74 | lr 4.568693e-06 | 257.1s
Epoch 02 | 07900/13759 | loss 3.6307 | ppl 37.74 | lr 4.558134e-06 | 260.6s
Epoch 02 | 08000/13759 | loss 3.6308 | ppl 37.74 | lr 4.547647e-06 | 264.0s
Epoch 02 | 08100/13759 | loss 3.6306 | ppl 37.74 | lr 4.537233e-06 | 267.5s
Epoch 02 | 08200/13759 | loss 3.6305 | ppl 37.73 | lr 4.52689e-06 | 270.9s
Epoch 02 | 08300/13759 | loss 3.6306 | ppl 37.73 | lr 4.516618e-06 | 274.3s
Epoch 02 | 08400/13759 | loss 3.6303 | ppl 37.73 | lr 4.506415e-06 | 277.8s
Epoch 02 | 08500/13759 | loss 3.6303 | ppl 37.72 | lr 4.496281e-06 | 281.3s
Epoch 02 | 08600/13759 | loss 3.6302 | ppl 37.72 | lr 4.486215e-06 | 284.7s
Epoch 02 | 08700/13759 | loss 3.6302 | ppl 37.72 | lr 4.476216e-06 | 288.2s
Epoch 02 | 08800/13759 | loss 3.6305 | ppl 37.73 | lr 4.466284e-06 | 291.6s
Epoch 02 | 08900/13759 | loss 3.6307 | ppl 37.74 | lr 4.456418e-06 | 295.1s
Epoch 02 | 09000/13759 | loss 3.6308 | ppl 37.74 | lr 4.446616e-06 | 298.6s
Epoch 02 | 09100/13759 | loss 3.6306 | ppl 37.74 | lr 4.43688e-06 | 302.0s
Epoch 02 | 09200/13759 | loss 3.6306 | ppl 37.74 | lr 4.427206e-06 | 305.6s
Epoch 02 | 09300/13759 | loss 3.6305 | ppl 37.73 | lr 4.417596e-06 | 309.1s
Epoch 02 | 09400/13759 | loss 3.6304 | ppl 37.73 | lr 4.408048e-06 | 312.6s
Epoch 02 | 09500/13759 | loss 3.6305 | ppl 37.73 | lr 4.398562e-06 | 316.0s
Epoch 02 | 09600/13759 | loss 3.6305 | ppl 37.73 | lr 4.389137e-06 | 319.4s
Epoch 02 | 09700/13759 | loss 3.6304 | ppl 37.73 | lr 4.379772e-06 | 322.9s
Epoch 02 | 09800/13759 | loss 3.6303 | ppl 37.73 | lr 4.370467e-06 | 326.4s
Epoch 02 | 09900/13759 | loss 3.6304 | ppl 37.73 | lr 4.361221e-06 | 329.8s
Epoch 02 | 10000/13759 | loss 3.6304 | ppl 37.73 | lr 4.352033e-06 | 333.4s
Epoch 02 | 10100/13759 | loss 3.6306 | ppl 37.74 | lr 4.342903e-06 | 336.9s
Epoch 02 | 10200/13759 | loss 3.6307 | ppl 37.74 | lr 4.33383e-06 | 340.3s
Epoch 02 | 10300/13759 | loss 3.6307 | ppl 37.74 | lr 4.324814e-06 | 343.8s
Epoch 02 | 10400/13759 | loss 3.6304 | ppl 37.73 | lr 4.315854e-06 | 347.2s
Epoch 02 | 10500/13759 | loss 3.6305 | ppl 37.73 | lr 4.30695e-06 | 350.7s
Epoch 02 | 10600/13759 | loss 3.6306 | ppl 37.73 | lr 4.2981e-06 | 354.2s
Epoch 02 | 10700/13759 | loss 3.6307 | ppl 37.74 | lr 4.289305e-06 | 357.7s
Epoch 02 | 10800/13759 | loss 3.6308 | ppl 37.74 | lr 4.280563e-06 | 361.1s
Epoch 02 | 10900/13759 | loss 3.6307 | ppl 37.74 | lr 4.271875e-06 | 364.5s
Epoch 02 | 11000/13759 | loss 3.6309 | ppl 37.75 | lr 4.263239e-06 | 368.1s
Epoch 02 | 11100/13759 | loss 3.6308 | ppl 37.74 | lr 4.254656e-06 | 371.5s
Epoch 02 | 11200/13759 | loss 3.6308 | ppl 37.74 | lr 4.246124e-06 | 375.0s
Epoch 02 | 11300/13759 | loss 3.6307 | ppl 37.74 | lr 4.237643e-06 | 378.5s
Epoch 02 | 11400/13759 | loss 3.6306 | ppl 37.74 | lr 4.229213e-06 | 382.0s
Epoch 02 | 11500/13759 | loss 3.6306 | ppl 37.73 | lr 4.220833e-06 | 385.5s
Epoch 02 | 11600/13759 | loss 3.6306 | ppl 37.74 | lr 4.212503e-06 | 388.9s
Epoch 02 | 11700/13759 | loss 3.6306 | ppl 37.73 | lr 4.204221e-06 | 392.3s
Epoch 02 | 11800/13759 | loss 3.6305 | ppl 37.73 | lr 4.195989e-06 | 395.8s
Epoch 02 | 11900/13759 | loss 3.6304 | ppl 37.73 | lr 4.187804e-06 | 399.3s
Epoch 02 | 12000/13759 | loss 3.6304 | ppl 37.73 | lr 4.179668e-06 | 402.8s
Epoch 02 | 12100/13759 | loss 3.6302 | ppl 37.72 | lr 4.171578e-06 | 406.3s
Epoch 02 | 12200/13759 | loss 3.6303 | ppl 37.72 | lr 4.163536e-06 | 409.8s
Epoch 02 | 12300/13759 | loss 3.6302 | ppl 37.72 | lr 4.155539e-06 | 413.4s
Epoch 02 | 12400/13759 | loss 3.6302 | ppl 37.72 | lr 4.147589e-06 | 416.9s
Epoch 02 | 12500/13759 | loss 3.6301 | ppl 37.72 | lr 4.139684e-06 | 420.6s
Epoch 02 | 12600/13759 | loss 3.6301 | ppl 37.71 | lr 4.131824e-06 | 424.1s
Epoch 02 | 12700/13759 | loss 3.6299 | ppl 37.71 | lr 4.124008e-06 | 427.6s
Epoch 02 | 12800/13759 | loss 3.6298 | ppl 37.71 | lr 4.116237e-06 | 431.1s
Epoch 02 | 12900/13759 | loss 3.6297 | ppl 37.70 | lr 4.10851e-06 | 434.5s
Epoch 02 | 13000/13759 | loss 3.6295 | ppl 37.69 | lr 4.100826e-06 | 438.0s
Epoch 02 | 13100/13759 | loss 3.6294 | ppl 37.69 | lr 4.093185e-06 | 441.5s
Epoch 02 | 13200/13759 | loss 3.6293 | ppl 37.69 | lr 4.085586e-06 | 445.0s
Epoch 02 | 13300/13759 | loss 3.6293 | ppl 37.69 | lr 4.07803e-06 | 448.4s
Epoch 02 | 13400/13759 | loss 3.6292 | ppl 37.68 | lr 4.070515e-06 | 451.9s
Epoch 02 | 13500/13759 | loss 3.6290 | ppl 37.67 | lr 4.063042e-06 | 455.4s
Epoch 02 | 13600/13759 | loss 3.6288 | ppl 37.67 | lr 4.05561e-06 | 458.8s
Epoch 02 | 13700/13759 | loss 3.6287 | ppl 37.66 | lr 4.048218e-06 | 462.2s
Epoch 02 complete | train loss 3.6287 | dev loss 3.4651 | train BLEU 15.61 | dev BLEU 17.19 | 470.4s
Epoch 03 | 00100/13759 | loss 3.6261 | ppl 37.57 | lr 4.036548e-06 | 3.6s
Epoch 03 | 00200/13759 | loss 3.6192 | ppl 37.31 | lr 4.02926e-06 | 7.1s
Epoch 03 | 00300/13759 | loss 3.6245 | ppl 37.51 | lr 4.022011e-06 | 10.6s
Epoch 03 | 00400/13759 | loss 3.6235 | ppl 37.47 | lr 4.014802e-06 | 13.9s
Epoch 03 | 00500/13759 | loss 3.6217 | ppl 37.40 | lr 4.007631e-06 | 17.4s
Epoch 03 | 00600/13759 | loss 3.6244 | ppl 37.50 | lr 4.000498e-06 | 20.9s
Epoch 03 | 00700/13759 | loss 3.6203 | ppl 37.35 | lr 3.993403e-06 | 24.3s
Epoch 03 | 00800/13759 | loss 3.6195 | ppl 37.32 | lr 3.986346e-06 | 27.8s
Epoch 03 | 00900/13759 | loss 3.6239 | ppl 37.48 | lr 3.979326e-06 | 31.2s
Epoch 03 | 01000/13759 | loss 3.6224 | ppl 37.43 | lr 3.972343e-06 | 34.7s
Epoch 03 | 01100/13759 | loss 3.6203 | ppl 37.35 | lr 3.965396e-06 | 38.1s
Epoch 03 | 01200/13759 | loss 3.6193 | ppl 37.31 | lr 3.958486e-06 | 41.6s
Epoch 03 | 01300/13759 | loss 3.6175 | ppl 37.24 | lr 3.951612e-06 | 45.0s
Epoch 03 | 01400/13759 | loss 3.6177 | ppl 37.25 | lr 3.944774e-06 | 48.5s
Epoch 03 | 01500/13759 | loss 3.6189 | ppl 37.30 | lr 3.937971e-06 | 51.9s
Epoch 03 | 01600/13759 | loss 3.6192 | ppl 37.31 | lr 3.931203e-06 | 55.5s
Epoch 03 | 01700/13759 | loss 3.6202 | ppl 37.34 | lr 3.92447e-06 | 59.0s
Epoch 03 | 01800/13759 | loss 3.6199 | ppl 37.34 | lr 3.917771e-06 | 62.5s
Epoch 03 | 01900/13759 | loss 3.6201 | ppl 37.34 | lr 3.911107e-06 | 65.9s
Epoch 03 | 02000/13759 | loss 3.6193 | ppl 37.31 | lr 3.904476e-06 | 69.4s
Epoch 03 | 02100/13759 | loss 3.6188 | ppl 37.29 | lr 3.897879e-06 | 72.9s
Epoch 03 | 02200/13759 | loss 3.6185 | ppl 37.28 | lr 3.891316e-06 | 76.3s
Epoch 03 | 02300/13759 | loss 3.6177 | ppl 37.25 | lr 3.884785e-06 | 79.8s
Epoch 03 | 02400/13759 | loss 3.6170 | ppl 37.22 | lr 3.878287e-06 | 83.3s
Epoch 03 | 02500/13759 | loss 3.6169 | ppl 37.22 | lr 3.871822e-06 | 86.8s
Epoch 03 | 02600/13759 | loss 3.6173 | ppl 37.24 | lr 3.865389e-06 | 90.4s
Epoch 03 | 02700/13759 | loss 3.6173 | ppl 37.24 | lr 3.858988e-06 | 94.0s
Epoch 03 | 02800/13759 | loss 3.6171 | ppl 37.23 | lr 3.852618e-06 | 97.5s
Epoch 03 | 02900/13759 | loss 3.6181 | ppl 37.26 | lr 3.84628e-06 | 101.0s
Epoch 03 | 03000/13759 | loss 3.6177 | ppl 37.25 | lr 3.839973e-06 | 104.6s
Epoch 03 | 03100/13759 | loss 3.6185 | ppl 37.28 | lr 3.833698e-06 | 108.1s
Epoch 03 | 03200/13759 | loss 3.6180 | ppl 37.26 | lr 3.827452e-06 | 111.6s
Epoch 03 | 03300/13759 | loss 3.6179 | ppl 37.26 | lr 3.821238e-06 | 115.1s
Epoch 03 | 03400/13759 | loss 3.6172 | ppl 37.23 | lr 3.815053e-06 | 118.6s
Epoch 03 | 03500/13759 | loss 3.6165 | ppl 37.21 | lr 3.808898e-06 | 122.1s
Epoch 03 | 03600/13759 | loss 3.6166 | ppl 37.21 | lr 3.802773e-06 | 125.5s
Epoch 03 | 03700/13759 | loss 3.6173 | ppl 37.24 | lr 3.796678e-06 | 129.0s
Epoch 03 | 03800/13759 | loss 3.6163 | ppl 37.20 | lr 3.790611e-06 | 132.5s
Epoch 03 | 03900/13759 | loss 3.6160 | ppl 37.19 | lr 3.784574e-06 | 135.9s
Epoch 03 | 04000/13759 | loss 3.6166 | ppl 37.21 | lr 3.778565e-06 | 139.4s
Epoch 03 | 04100/13759 | loss 3.6166 | ppl 37.21 | lr 3.772585e-06 | 142.8s
Epoch 03 | 04200/13759 | loss 3.6166 | ppl 37.21 | lr 3.766633e-06 | 146.3s
Epoch 03 | 04300/13759 | loss 3.6172 | ppl 37.23 | lr 3.76071e-06 | 149.8s
Epoch 03 | 04400/13759 | loss 3.6171 | ppl 37.23 | lr 3.754814e-06 | 153.2s
Epoch 03 | 04500/13759 | loss 3.6171 | ppl 37.23 | lr 3.748946e-06 | 156.7s
Epoch 03 | 04600/13759 | loss 3.6175 | ppl 37.24 | lr 3.743105e-06 | 160.1s
Epoch 03 | 04700/13759 | loss 3.6172 | ppl 37.23 | lr 3.737291e-06 | 163.6s
Epoch 03 | 04800/13759 | loss 3.6172 | ppl 37.23 | lr 3.731505e-06 | 167.1s
Epoch 03 | 04900/13759 | loss 3.6170 | ppl 37.23 | lr 3.725745e-06 | 170.5s
Epoch 03 | 05000/13759 | loss 3.6172 | ppl 37.23 | lr 3.720012e-06 | 174.0s
Epoch 03 | 05100/13759 | loss 3.6171 | ppl 37.23 | lr 3.714305e-06 | 177.5s
Epoch 03 | 05200/13759 | loss 3.6175 | ppl 37.25 | lr 3.708625e-06 | 181.0s
Epoch 03 | 05300/13759 | loss 3.6173 | ppl 37.24 | lr 3.70297e-06 | 184.4s
Epoch 03 | 05400/13759 | loss 3.6170 | ppl 37.23 | lr 3.697341e-06 | 187.9s
Epoch 03 | 05500/13759 | loss 3.6169 | ppl 37.22 | lr 3.691738e-06 | 191.4s
Epoch 03 | 05600/13759 | loss 3.6169 | ppl 37.22 | lr 3.68616e-06 | 194.9s
Epoch 03 | 05700/13759 | loss 3.6169 | ppl 37.22 | lr 3.680608e-06 | 198.4s
Epoch 03 | 05800/13759 | loss 3.6171 | ppl 37.23 | lr 3.67508e-06 | 201.9s
Epoch 03 | 05900/13759 | loss 3.6169 | ppl 37.22 | lr 3.669577e-06 | 205.5s
Epoch 03 | 06000/13759 | loss 3.6169 | ppl 37.22 | lr 3.664099e-06 | 208.9s
Epoch 03 | 06100/13759 | loss 3.6168 | ppl 37.22 | lr 3.658645e-06 | 212.4s
Epoch 03 | 06200/13759 | loss 3.6169 | ppl 37.22 | lr 3.653216e-06 | 215.9s
Epoch 03 | 06300/13759 | loss 3.6175 | ppl 37.24 | lr 3.647811e-06 | 219.3s
Epoch 03 | 06400/13759 | loss 3.6172 | ppl 37.23 | lr 3.642429e-06 | 222.8s
Epoch 03 | 06500/13759 | loss 3.6169 | ppl 37.22 | lr 3.637072e-06 | 226.3s
Epoch 03 | 06600/13759 | loss 3.6170 | ppl 37.22 | lr 3.631738e-06 | 229.9s
Epoch 03 | 06700/13759 | loss 3.6169 | ppl 37.22 | lr 3.626427e-06 | 233.4s
Epoch 03 | 06800/13759 | loss 3.6170 | ppl 37.23 | lr 3.62114e-06 | 236.9s
Epoch 03 | 06900/13759 | loss 3.6167 | ppl 37.21 | lr 3.615875e-06 | 240.3s
Epoch 03 | 07000/13759 | loss 3.6167 | ppl 37.21 | lr 3.610634e-06 | 243.8s
Epoch 03 | 07100/13759 | loss 3.6166 | ppl 37.21 | lr 3.605415e-06 | 247.3s
Epoch 03 | 07200/13759 | loss 3.6167 | ppl 37.21 | lr 3.600219e-06 | 250.8s
Epoch 03 | 07300/13759 | loss 3.6171 | ppl 37.23 | lr 3.595045e-06 | 254.2s
Epoch 03 | 07400/13759 | loss 3.6170 | ppl 37.23 | lr 3.589894e-06 | 257.7s
Epoch 03 | 07500/13759 | loss 3.6168 | ppl 37.22 | lr 3.584764e-06 | 261.2s
Epoch 03 | 07600/13759 | loss 3.6168 | ppl 37.22 | lr 3.579657e-06 | 264.6s
Epoch 03 | 07700/13759 | loss 3.6170 | ppl 37.22 | lr 3.574571e-06 | 268.0s
Epoch 03 | 07800/13759 | loss 3.6167 | ppl 37.21 | lr 3.569507e-06 | 271.4s
Epoch 03 | 07900/13759 | loss 3.6164 | ppl 37.20 | lr 3.564464e-06 | 274.9s
Epoch 03 | 08000/13759 | loss 3.6166 | ppl 37.21 | lr 3.559443e-06 | 278.4s
Epoch 03 | 08100/13759 | loss 3.6163 | ppl 37.20 | lr 3.554442e-06 | 281.9s
Epoch 03 | 08200/13759 | loss 3.6163 | ppl 37.20 | lr 3.549463e-06 | 285.3s
Epoch 03 | 08300/13759 | loss 3.6162 | ppl 37.20 | lr 3.544505e-06 | 288.8s
Epoch 03 | 08400/13759 | loss 3.6164 | ppl 37.20 | lr 3.539567e-06 | 292.3s
Epoch 03 | 08500/13759 | loss 3.6163 | ppl 37.20 | lr 3.53465e-06 | 295.7s
Epoch 03 | 08600/13759 | loss 3.6162 | ppl 37.20 | lr 3.529754e-06 | 299.0s
Epoch 03 | 08700/13759 | loss 3.6162 | ppl 37.20 | lr 3.524877e-06 | 302.4s
Epoch 03 | 08800/13759 | loss 3.6161 | ppl 37.19 | lr 3.520021e-06 | 305.8s
Epoch 03 | 08900/13759 | loss 3.6163 | ppl 37.20 | lr 3.515185e-06 | 309.3s
Epoch 03 | 09000/13759 | loss 3.6164 | ppl 37.20 | lr 3.510369e-06 | 312.7s
Epoch 03 | 09100/13759 | loss 3.6165 | ppl 37.21 | lr 3.505572e-06 | 316.3s
Epoch 03 | 09200/13759 | loss 3.6164 | ppl 37.20 | lr 3.500796e-06 | 319.8s
Epoch 03 | 09300/13759 | loss 3.6163 | ppl 37.20 | lr 3.496038e-06 | 323.3s
Epoch 03 | 09400/13759 | loss 3.6161 | ppl 37.19 | lr 3.4913e-06 | 326.7s
Epoch 03 | 09500/13759 | loss 3.6161 | ppl 37.19 | lr 3.486581e-06 | 330.2s
Epoch 03 | 09600/13759 | loss 3.6161 | ppl 37.19 | lr 3.481881e-06 | 333.7s
Epoch 03 | 09700/13759 | loss 3.6161 | ppl 37.19 | lr 3.477201e-06 | 337.2s
Epoch 03 | 09800/13759 | loss 3.6161 | ppl 37.19 | lr 3.472539e-06 | 340.6s
Epoch 03 | 09900/13759 | loss 3.6160 | ppl 37.19 | lr 3.467895e-06 | 344.1s
Epoch 03 | 10000/13759 | loss 3.6162 | ppl 37.20 | lr 3.463271e-06 | 347.6s
Epoch 03 | 10100/13759 | loss 3.6160 | ppl 37.19 | lr 3.458664e-06 | 351.1s
Epoch 03 | 10200/13759 | loss 3.6161 | ppl 37.19 | lr 3.454076e-06 | 354.5s
Epoch 03 | 10300/13759 | loss 3.6160 | ppl 37.19 | lr 3.449507e-06 | 358.0s
Epoch 03 | 10400/13759 | loss 3.6159 | ppl 37.19 | lr 3.444955e-06 | 361.5s
Epoch 03 | 10500/13759 | loss 3.6161 | ppl 37.19 | lr 3.440421e-06 | 365.1s
Epoch 03 | 10600/13759 | loss 3.6161 | ppl 37.19 | lr 3.435905e-06 | 368.6s
Epoch 03 | 10700/13759 | loss 3.6162 | ppl 37.19 | lr 3.431407e-06 | 372.0s
Epoch 03 | 10800/13759 | loss 3.6160 | ppl 37.19 | lr 3.426927e-06 | 375.5s
Epoch 03 | 10900/13759 | loss 3.6158 | ppl 37.18 | lr 3.422464e-06 | 378.9s
Epoch 03 | 11000/13759 | loss 3.6158 | ppl 37.18 | lr 3.418018e-06 | 382.4s
Epoch 03 | 11100/13759 | loss 3.6156 | ppl 37.17 | lr 3.41359e-06 | 385.9s
Epoch 03 | 11200/13759 | loss 3.6158 | ppl 37.18 | lr 3.409179e-06 | 389.4s
Epoch 03 | 11300/13759 | loss 3.6158 | ppl 37.18 | lr 3.404785e-06 | 392.9s
Epoch 03 | 11400/13759 | loss 3.6157 | ppl 37.18 | lr 3.400408e-06 | 396.4s
Epoch 03 | 11500/13759 | loss 3.6155 | ppl 37.17 | lr 3.396047e-06 | 399.8s
Epoch 03 | 11600/13759 | loss 3.6157 | ppl 37.18 | lr 3.391704e-06 | 403.3s
Epoch 03 | 11700/13759 | loss 3.6158 | ppl 37.18 | lr 3.387377e-06 | 406.7s
Epoch 03 | 11800/13759 | loss 3.6158 | ppl 37.18 | lr 3.383067e-06 | 410.1s
Epoch 03 | 11900/13759 | loss 3.6158 | ppl 37.18 | lr 3.378773e-06 | 413.6s
Epoch 03 | 12000/13759 | loss 3.6158 | ppl 37.18 | lr 3.374495e-06 | 417.1s
Epoch 03 | 12100/13759 | loss 3.6158 | ppl 37.18 | lr 3.370233e-06 | 420.6s
Epoch 03 | 12200/13759 | loss 3.6158 | ppl 37.18 | lr 3.365988e-06 | 424.1s
Epoch 03 | 12300/13759 | loss 3.6157 | ppl 37.18 | lr 3.361759e-06 | 427.5s
Epoch 03 | 12400/13759 | loss 3.6158 | ppl 37.18 | lr 3.357545e-06 | 431.1s
Epoch 03 | 12500/13759 | loss 3.6158 | ppl 37.18 | lr 3.353348e-06 | 434.6s
Epoch 03 | 12600/13759 | loss 3.6156 | ppl 37.18 | lr 3.349166e-06 | 438.1s
Epoch 03 | 12700/13759 | loss 3.6156 | ppl 37.17 | lr 3.344999e-06 | 441.6s
Epoch 03 | 12800/13759 | loss 3.6156 | ppl 37.17 | lr 3.340848e-06 | 445.0s
Epoch 03 | 12900/13759 | loss 3.6156 | ppl 37.17 | lr 3.336713e-06 | 448.4s
Epoch 03 | 13000/13759 | loss 3.6155 | ppl 37.17 | lr 3.332593e-06 | 451.9s
Epoch 03 | 13100/13759 | loss 3.6154 | ppl 37.17 | lr 3.328488e-06 | 455.3s
Epoch 03 | 13200/13759 | loss 3.6153 | ppl 37.16 | lr 3.324398e-06 | 458.9s
Epoch 03 | 13300/13759 | loss 3.6153 | ppl 37.16 | lr 3.320323e-06 | 462.3s
Epoch 03 | 13400/13759 | loss 3.6153 | ppl 37.16 | lr 3.316264e-06 | 465.8s
Epoch 03 | 13500/13759 | loss 3.6152 | ppl 37.16 | lr 3.312219e-06 | 469.2s
Epoch 03 | 13600/13759 | loss 3.6151 | ppl 37.16 | lr 3.308189e-06 | 472.7s
Epoch 03 | 13700/13759 | loss 3.6150 | ppl 37.15 | lr 3.304173e-06 | 476.1s
Epoch 03 complete | train loss 3.6150 | dev loss 3.4666 | train BLEU 15.55 | dev BLEU 17.14 | 484.5s
{
  "best_epoch": 1,
  "best_dev_bleu": 17.33971359341473,
  "best_dev_loss": 3.466916470935973,
  "best_model": "/data/student/i2311021/projects/100-swing-drill/chapter_10_2020/models/98_domain_adapt/best_model.pt",
  "batch_size": 64,
  "learning_rate": 3e-05,
  "optimizer": "adamw"
}
/data/student/i2311021/conda_envs/100-swing-drill-gpu/lib/python3.10/site-packages/torch/nn/modules/transformer.py:531: UserWarning: The PyTorch API of nested tensors is in prototype stage and will change in the near future. We recommend specifying layout=torch.jagged when constructing a nested tensor, as this layout receives active development, has better operator coverage, and works with torch.compile. (Triggered internally at /pytorch/aten/src/ATen/NestedTensorImpl.cpp:178.)
  output = torch._nested_tensor_from_mask(
BLEU = 19.6064
Hypotheses: /data/student/i2311021/projects/100-swing-drill/chapter_10_2020/outputs/98_domain_adapt/baseline.test.en
/data/student/i2311021/conda_envs/100-swing-drill-gpu/lib/python3.10/site-packages/torch/nn/modules/transformer.py:531: UserWarning: The PyTorch API of nested tensors is in prototype stage and will change in the near future. We recommend specifying layout=torch.jagged when constructing a nested tensor, as this layout receives active development, has better operator coverage, and works with torch.compile. (Triggered internally at /pytorch/aten/src/ATen/NestedTensorImpl.cpp:178.)
  output = torch._nested_tensor_from_mask(
BLEU = 20.5523
Hypotheses: /data/student/i2311021/projects/100-swing-drill/chapter_10_2020/outputs/98_domain_adapt/adapted.test.en
{
  "beam_size": 5,
  "baseline_bleu": 19.606396888108463,
  "adapted_bleu": 20.552280741904887,
  "improvement": 0.945883853796424,
  "baseline_checkpoint": "/data/student/i2311021/projects/100-swing-drill/chapter_10_2020/models/97_tuning/bs64_lr1em03_adamw/best_model.pt",
  "adapted_checkpoint": "/data/student/i2311021/projects/100-swing-drill/chapter_10_2020/models/98_domain_adapt/best_model.pt"
}
