GPU: NVIDIA RTX PRO 6000 Blackwell Max-Q Workstation Edition
Train: 440,286, Dev: 1,166
Epoch 01 | 00100/06880 | loss 9.6121 | ppl 14944.70 | lr 7.5e-06 | 4.2s
Epoch 01 | 00200/06880 | loss 9.4892 | ppl 13215.70 | lr 1.5e-05 | 7.5s
Epoch 01 | 00300/06880 | loss 9.3511 | ppl 11511.35 | lr 2.25e-05 | 10.8s
Epoch 01 | 00400/06880 | loss 9.1822 | ppl 9722.38 | lr 3e-05 | 14.1s
Epoch 01 | 00500/06880 | loss 8.9959 | ppl 8069.89 | lr 3.75e-05 | 17.3s
Epoch 01 | 00600/06880 | loss 8.8065 | ppl 6677.24 | lr 4.5e-05 | 20.5s
Epoch 01 | 00700/06880 | loss 8.6334 | ppl 5616.35 | lr 5.25e-05 | 23.6s
Epoch 01 | 00800/06880 | loss 8.4857 | ppl 4844.98 | lr 6e-05 | 26.9s
Epoch 01 | 00900/06880 | loss 8.3523 | ppl 4239.98 | lr 6.75e-05 | 30.2s
Epoch 01 | 01000/06880 | loss 8.2329 | ppl 3762.71 | lr 7.5e-05 | 33.4s
Epoch 01 | 01100/06880 | loss 8.1224 | ppl 3369.09 | lr 8.25e-05 | 36.7s
Epoch 01 | 01200/06880 | loss 8.0185 | ppl 3036.71 | lr 9e-05 | 40.0s
Epoch 01 | 01300/06880 | loss 7.9225 | ppl 2758.67 | lr 9.75e-05 | 43.2s
Epoch 01 | 01400/06880 | loss 7.8346 | ppl 2526.65 | lr 0.000105 | 46.5s
Epoch 01 | 01500/06880 | loss 7.7524 | ppl 2327.17 | lr 0.0001125 | 50.0s
Epoch 01 | 01600/06880 | loss 7.6751 | ppl 2153.98 | lr 0.00012 | 53.2s
Epoch 01 | 01700/06880 | loss 7.6036 | ppl 2005.49 | lr 0.0001275 | 56.3s
Epoch 01 | 01800/06880 | loss 7.5368 | ppl 1875.75 | lr 0.000135 | 59.5s
Epoch 01 | 01900/06880 | loss 7.4731 | ppl 1760.03 | lr 0.0001425 | 62.7s
Epoch 01 | 02000/06880 | loss 7.4121 | ppl 1655.96 | lr 0.00015 | 66.0s
Epoch 01 | 02100/06880 | loss 7.3555 | ppl 1564.82 | lr 0.0001575 | 69.2s
Epoch 01 | 02200/06880 | loss 7.3016 | ppl 1482.69 | lr 0.000165 | 72.6s
Epoch 01 | 02300/06880 | loss 7.2494 | ppl 1407.26 | lr 0.0001725 | 75.8s
Epoch 01 | 02400/06880 | loss 7.1995 | ppl 1338.80 | lr 0.00018 | 79.1s
Epoch 01 | 02500/06880 | loss 7.1518 | ppl 1276.39 | lr 0.0001875 | 82.4s
Epoch 01 | 02600/06880 | loss 7.1062 | ppl 1219.46 | lr 0.000195 | 85.6s
Epoch 01 | 02700/06880 | loss 7.0618 | ppl 1166.54 | lr 0.0002025 | 88.9s
Epoch 01 | 02800/06880 | loss 7.0200 | ppl 1118.73 | lr 0.00021 | 92.2s
Epoch 01 | 02900/06880 | loss 6.9797 | ppl 1074.60 | lr 0.0002175 | 95.4s
Epoch 01 | 03000/06880 | loss 6.9403 | ppl 1033.07 | lr 0.000225 | 98.7s
Epoch 01 | 03100/06880 | loss 6.9022 | ppl 994.44 | lr 0.0002325 | 102.0s
Epoch 01 | 03200/06880 | loss 6.8663 | ppl 959.35 | lr 0.00024 | 105.3s
Epoch 01 | 03300/06880 | loss 6.8320 | ppl 927.08 | lr 0.0002475 | 108.6s
Epoch 01 | 03400/06880 | loss 6.7981 | ppl 896.15 | lr 0.000255 | 111.8s
Epoch 01 | 03500/06880 | loss 6.7649 | ppl 866.90 | lr 0.0002625 | 115.1s
Epoch 01 | 03600/06880 | loss 6.7330 | ppl 839.70 | lr 0.00027 | 118.3s
Epoch 01 | 03700/06880 | loss 6.7022 | ppl 814.21 | lr 0.0002775 | 121.6s
Epoch 01 | 03800/06880 | loss 6.6725 | ppl 790.35 | lr 0.000285 | 124.8s
Epoch 01 | 03900/06880 | loss 6.6432 | ppl 767.56 | lr 0.0002925 | 128.1s
Epoch 01 | 04000/06880 | loss 6.6148 | ppl 746.04 | lr 0.0003 | 131.3s
Epoch 01 | 04100/06880 | loss 6.5873 | ppl 725.79 | lr 0.0002963189 | 134.6s
Epoch 01 | 04200/06880 | loss 6.5604 | ppl 706.54 | lr 0.00029277 | 137.9s
Epoch 01 | 04300/06880 | loss 6.5343 | ppl 688.37 | lr 0.0002893457 | 141.1s
Epoch 01 | 04400/06880 | loss 6.5083 | ppl 670.70 | lr 0.0002860388 | 144.3s
Epoch 01 | 04500/06880 | loss 6.4834 | ppl 654.20 | lr 0.0002828427 | 147.6s
Epoch 01 | 04600/06880 | loss 6.4586 | ppl 638.16 | lr 0.0002797514 | 150.8s
Epoch 01 | 04700/06880 | loss 6.4348 | ppl 623.14 | lr 0.0002767594 | 154.1s
Epoch 01 | 04800/06880 | loss 6.4107 | ppl 608.32 | lr 0.0002738613 | 157.6s
Epoch 01 | 04900/06880 | loss 6.3872 | ppl 594.20 | lr 0.0002710524 | 160.9s
Epoch 01 | 05000/06880 | loss 6.3644 | ppl 580.82 | lr 0.0002683282 | 164.2s
Epoch 01 | 05100/06880 | loss 6.3424 | ppl 568.15 | lr 0.0002656845 | 167.5s
Epoch 01 | 05200/06880 | loss 6.3204 | ppl 555.79 | lr 0.0002631174 | 170.8s
Epoch 01 | 05300/06880 | loss 6.2989 | ppl 543.97 | lr 0.0002606233 | 174.1s
Epoch 01 | 05400/06880 | loss 6.2777 | ppl 532.57 | lr 0.0002581989 | 177.3s
Epoch 01 | 05500/06880 | loss 6.2570 | ppl 521.66 | lr 0.0002558409 | 180.6s
Epoch 01 | 05600/06880 | loss 6.2368 | ppl 511.22 | lr 0.0002535463 | 183.8s
Epoch 01 | 05700/06880 | loss 6.2170 | ppl 501.22 | lr 0.0002513123 | 187.1s
Epoch 01 | 05800/06880 | loss 6.1971 | ppl 491.34 | lr 0.0002491364 | 190.4s
Epoch 01 | 05900/06880 | loss 6.1782 | ppl 482.12 | lr 0.0002470161 | 193.6s
Epoch 01 | 06000/06880 | loss 6.1596 | ppl 473.22 | lr 0.000244949 | 196.9s
Epoch 01 | 06100/06880 | loss 6.1414 | ppl 464.70 | lr 0.0002429329 | 200.2s
Epoch 01 | 06200/06880 | loss 6.1232 | ppl 456.33 | lr 0.0002409658 | 203.5s
Epoch 01 | 06300/06880 | loss 6.1055 | ppl 448.32 | lr 0.0002390457 | 206.7s
Epoch 01 | 06400/06880 | loss 6.0880 | ppl 440.52 | lr 0.0002371708 | 209.8s
Epoch 01 | 06500/06880 | loss 6.0707 | ppl 432.99 | lr 0.0002353394 | 213.0s
Epoch 01 | 06600/06880 | loss 6.0539 | ppl 425.79 | lr 0.0002335497 | 216.3s
Epoch 01 | 06700/06880 | loss 6.0376 | ppl 418.89 | lr 0.0002318002 | 219.5s
Epoch 01 | 06800/06880 | loss 6.0212 | ppl 412.08 | lr 0.0002300895 | 222.8s
/data/student/i2311021/conda_envs/100-swing-drill-gpu/lib/python3.10/site-packages/torch/nn/modules/transformer.py:531: UserWarning: The PyTorch API of nested tensors is in prototype stage and will change in the near future. We recommend specifying layout=torch.jagged when constructing a nested tensor, as this layout receives active development, has better operator coverage, and works with torch.compile. (Triggered internally at /pytorch/aten/src/ATen/NestedTensorImpl.cpp:178.)
  output = torch._nested_tensor_from_mask(
Epoch 01 complete | train loss 6.0088 | dev loss 4.9383 | train BLEU 5.11 | dev BLEU 3.47 | 237.5s
Epoch 02 | 00100/06880 | loss 4.8670 | ppl 129.93 | lr 0.0002271033 | 3.4s
Epoch 02 | 00200/06880 | loss 4.8624 | ppl 129.34 | lr 0.0002254938 | 6.8s
Epoch 02 | 00300/06880 | loss 4.8504 | ppl 127.79 | lr 0.000223918 | 10.1s
Epoch 02 | 00400/06880 | loss 4.8457 | ppl 127.19 | lr 0.0002223748 | 13.4s
Epoch 02 | 00500/06880 | loss 4.8462 | ppl 127.25 | lr 0.0002208631 | 16.9s
Epoch 02 | 00600/06880 | loss 4.8443 | ppl 127.02 | lr 0.0002193817 | 20.3s
Epoch 02 | 00700/06880 | loss 4.8378 | ppl 126.19 | lr 0.0002179298 | 23.9s
Epoch 02 | 00800/06880 | loss 4.8345 | ppl 125.78 | lr 0.0002165064 | 27.4s
Epoch 02 | 00900/06880 | loss 4.8290 | ppl 125.09 | lr 0.0002151104 | 31.0s
Epoch 02 | 01000/06880 | loss 4.8240 | ppl 124.47 | lr 0.0002137411 | 34.4s
Epoch 02 | 01100/06880 | loss 4.8189 | ppl 123.82 | lr 0.0002123977 | 37.7s
Epoch 02 | 01200/06880 | loss 4.8148 | ppl 123.32 | lr 0.0002110793 | 41.2s
Epoch 02 | 01300/06880 | loss 4.8111 | ppl 122.86 | lr 0.0002097851 | 44.7s
Epoch 02 | 01400/06880 | loss 4.8067 | ppl 122.33 | lr 0.0002085144 | 48.2s
Epoch 02 | 01500/06880 | loss 4.8030 | ppl 121.87 | lr 0.0002072666 | 51.7s
Epoch 02 | 01600/06880 | loss 4.7975 | ppl 121.20 | lr 0.0002060408 | 55.3s
Epoch 02 | 01700/06880 | loss 4.7932 | ppl 120.68 | lr 0.0002048366 | 58.8s
Epoch 02 | 01800/06880 | loss 4.7884 | ppl 120.10 | lr 0.0002036533 | 62.4s
Epoch 02 | 01900/06880 | loss 4.7828 | ppl 119.44 | lr 0.0002024902 | 66.0s
Epoch 02 | 02000/06880 | loss 4.7785 | ppl 118.92 | lr 0.0002013468 | 69.6s
Epoch 02 | 02100/06880 | loss 4.7730 | ppl 118.28 | lr 0.0002002226 | 73.1s
Epoch 02 | 02200/06880 | loss 4.7687 | ppl 117.77 | lr 0.000199117 | 76.4s
Epoch 02 | 02300/06880 | loss 4.7635 | ppl 117.16 | lr 0.0001980295 | 79.7s
Epoch 02 | 02400/06880 | loss 4.7588 | ppl 116.60 | lr 0.0001969596 | 83.2s
Epoch 02 | 02500/06880 | loss 4.7542 | ppl 116.07 | lr 0.0001959069 | 86.7s
Epoch 02 | 02600/06880 | loss 4.7488 | ppl 115.45 | lr 0.0001948709 | 90.1s
Epoch 02 | 02700/06880 | loss 4.7445 | ppl 114.95 | lr 0.0001938512 | 93.8s
Epoch 02 | 02800/06880 | loss 4.7401 | ppl 114.45 | lr 0.0001928473 | 97.3s
Epoch 02 | 02900/06880 | loss 4.7354 | ppl 113.90 | lr 0.0001918588 | 100.9s
Epoch 02 | 03000/06880 | loss 4.7306 | ppl 113.36 | lr 0.0001908854 | 104.4s
Epoch 02 | 03100/06880 | loss 4.7263 | ppl 112.87 | lr 0.0001899267 | 107.8s
Epoch 02 | 03200/06880 | loss 4.7220 | ppl 112.39 | lr 0.0001889822 | 111.4s
Epoch 02 | 03300/06880 | loss 4.7181 | ppl 111.95 | lr 0.0001880517 | 114.8s
Epoch 02 | 03400/06880 | loss 4.7140 | ppl 111.50 | lr 0.0001871349 | 118.2s
Epoch 02 | 03500/06880 | loss 4.7097 | ppl 111.02 | lr 0.0001862313 | 121.8s
Epoch 02 | 03600/06880 | loss 4.7059 | ppl 110.60 | lr 0.0001853406 | 125.5s
Epoch 02 | 03700/06880 | loss 4.7016 | ppl 110.13 | lr 0.0001844626 | 129.1s
Epoch 02 | 03800/06880 | loss 4.6976 | ppl 109.68 | lr 0.000183597 | 132.3s
Epoch 02 | 03900/06880 | loss 4.6932 | ppl 109.20 | lr 0.0001827435 | 135.8s
Epoch 02 | 04000/06880 | loss 4.6895 | ppl 108.80 | lr 0.0001819017 | 139.2s
Epoch 02 | 04100/06880 | loss 4.6857 | ppl 108.39 | lr 0.0001810715 | 142.5s
Epoch 02 | 04200/06880 | loss 4.6815 | ppl 107.93 | lr 0.0001802525 | 145.8s
Epoch 02 | 04300/06880 | loss 4.6770 | ppl 107.45 | lr 0.0001794446 | 149.2s
Epoch 02 | 04400/06880 | loss 4.6732 | ppl 107.04 | lr 0.0001786474 | 152.5s
Epoch 02 | 04500/06880 | loss 4.6691 | ppl 106.60 | lr 0.0001778608 | 155.7s
Epoch 02 | 04600/06880 | loss 4.6658 | ppl 106.25 | lr 0.0001770844 | 159.0s
Epoch 02 | 04700/06880 | loss 4.6619 | ppl 105.84 | lr 0.0001763181 | 162.3s
Epoch 02 | 04800/06880 | loss 4.6584 | ppl 105.47 | lr 0.0001755617 | 165.5s
Epoch 02 | 04900/06880 | loss 4.6545 | ppl 105.06 | lr 0.000174815 | 168.8s
Epoch 02 | 05000/06880 | loss 4.6504 | ppl 104.62 | lr 0.0001740777 | 172.0s
Epoch 02 | 05100/06880 | loss 4.6466 | ppl 104.22 | lr 0.0001733496 | 175.4s
Epoch 02 | 05200/06880 | loss 4.6429 | ppl 103.85 | lr 0.0001726306 | 178.7s
Epoch 02 | 05300/06880 | loss 4.6393 | ppl 103.47 | lr 0.0001719205 | 182.1s
Epoch 02 | 05400/06880 | loss 4.6356 | ppl 103.09 | lr 0.000171219 | 185.4s
Epoch 02 | 05500/06880 | loss 4.6318 | ppl 102.70 | lr 0.0001705261 | 188.8s
Epoch 02 | 05600/06880 | loss 4.6281 | ppl 102.32 | lr 0.0001698416 | 192.1s
Epoch 02 | 05700/06880 | loss 4.6243 | ppl 101.93 | lr 0.0001691652 | 195.8s
Epoch 02 | 05800/06880 | loss 4.6205 | ppl 101.54 | lr 0.0001684968 | 199.2s
Epoch 02 | 05900/06880 | loss 4.6171 | ppl 101.20 | lr 0.0001678363 | 202.7s
Epoch 02 | 06000/06880 | loss 4.6135 | ppl 100.84 | lr 0.0001671835 | 206.1s
Epoch 02 | 06100/06880 | loss 4.6099 | ppl 100.47 | lr 0.0001665382 | 209.5s
Epoch 02 | 06200/06880 | loss 4.6062 | ppl 100.10 | lr 0.0001659004 | 212.9s
Epoch 02 | 06300/06880 | loss 4.6027 | ppl 99.75 | lr 0.0001652698 | 216.2s
Epoch 02 | 06400/06880 | loss 4.5993 | ppl 99.41 | lr 0.0001646464 | 219.5s
Epoch 02 | 06500/06880 | loss 4.5960 | ppl 99.08 | lr 0.00016403 | 222.7s
Epoch 02 | 06600/06880 | loss 4.5925 | ppl 98.74 | lr 0.0001634204 | 225.9s
Epoch 02 | 06700/06880 | loss 4.5891 | ppl 98.41 | lr 0.0001628176 | 229.2s
Epoch 02 | 06800/06880 | loss 4.5858 | ppl 98.08 | lr 0.0001622214 | 232.7s
Epoch 02 complete | train loss 4.5832 | dev loss 4.3483 | train BLEU 10.68 | dev BLEU 7.80 | 247.8s
Epoch 03 | 00100/06880 | loss 4.2971 | ppl 73.49 | lr 0.0001611646 | 3.3s
Epoch 03 | 00200/06880 | loss 4.2909 | ppl 73.03 | lr 0.0001605863 | 6.7s
Epoch 03 | 00300/06880 | loss 4.2837 | ppl 72.51 | lr 0.0001600142 | 10.0s
Epoch 03 | 00400/06880 | loss 4.2834 | ppl 72.48 | lr 0.0001594482 | 13.5s
Epoch 03 | 00500/06880 | loss 4.2791 | ppl 72.18 | lr 0.0001588881 | 17.0s
Epoch 03 | 00600/06880 | loss 4.2811 | ppl 72.32 | lr 0.0001583339 | 20.7s
Epoch 03 | 00700/06880 | loss 4.2793 | ppl 72.19 | lr 0.0001577855 | 24.3s
Epoch 03 | 00800/06880 | loss 4.2780 | ppl 72.10 | lr 0.0001572427 | 27.8s
Epoch 03 | 00900/06880 | loss 4.2758 | ppl 71.94 | lr 0.0001567055 | 31.4s
Epoch 03 | 01000/06880 | loss 4.2736 | ppl 71.78 | lr 0.0001561738 | 35.1s
Epoch 03 | 01100/06880 | loss 4.2726 | ppl 71.70 | lr 0.0001556474 | 38.5s
Epoch 03 | 01200/06880 | loss 4.2707 | ppl 71.57 | lr 0.0001551263 | 41.7s
Epoch 03 | 01300/06880 | loss 4.2691 | ppl 71.46 | lr 0.0001546104 | 44.9s
Epoch 03 | 01400/06880 | loss 4.2667 | ppl 71.29 | lr 0.0001540996 | 48.2s
Epoch 03 | 01500/06880 | loss 4.2651 | ppl 71.17 | lr 0.0001535939 | 51.8s
Epoch 03 | 01600/06880 | loss 4.2637 | ppl 71.07 | lr 0.0001530931 | 55.3s
Epoch 03 | 01700/06880 | loss 4.2624 | ppl 70.98 | lr 0.0001525972 | 58.9s
Epoch 03 | 01800/06880 | loss 4.2609 | ppl 70.87 | lr 0.000152106 | 62.5s
Epoch 03 | 01900/06880 | loss 4.2589 | ppl 70.73 | lr 0.0001516196 | 66.1s
Epoch 03 | 02000/06880 | loss 4.2572 | ppl 70.61 | lr 0.0001511378 | 69.5s
Epoch 03 | 02100/06880 | loss 4.2560 | ppl 70.53 | lr 0.0001506606 | 72.8s
Epoch 03 | 02200/06880 | loss 4.2541 | ppl 70.39 | lr 0.0001501879 | 76.1s
Epoch 03 | 02300/06880 | loss 4.2526 | ppl 70.29 | lr 0.0001497195 | 79.4s
Epoch 03 | 02400/06880 | loss 4.2514 | ppl 70.21 | lr 0.0001492556 | 82.7s
Epoch 03 | 02500/06880 | loss 4.2502 | ppl 70.12 | lr 0.0001487959 | 86.0s
Epoch 03 | 02600/06880 | loss 4.2484 | ppl 69.99 | lr 0.0001483405 | 89.3s
Epoch 03 | 02700/06880 | loss 4.2465 | ppl 69.86 | lr 0.0001478892 | 92.6s
Epoch 03 | 02800/06880 | loss 4.2453 | ppl 69.77 | lr 0.000147442 | 95.9s
Epoch 03 | 02900/06880 | loss 4.2432 | ppl 69.63 | lr 0.0001469988 | 99.2s
Epoch 03 | 03000/06880 | loss 4.2409 | ppl 69.47 | lr 0.0001465596 | 102.5s
Epoch 03 | 03100/06880 | loss 4.2393 | ppl 69.36 | lr 0.0001461243 | 105.7s
Epoch 03 | 03200/06880 | loss 4.2376 | ppl 69.24 | lr 0.0001456929 | 109.1s
Epoch 03 | 03300/06880 | loss 4.2357 | ppl 69.11 | lr 0.0001452653 | 112.4s
Epoch 03 | 03400/06880 | loss 4.2343 | ppl 69.02 | lr 0.0001448414 | 115.7s
Epoch 03 | 03500/06880 | loss 4.2324 | ppl 68.89 | lr 0.0001444212 | 119.1s
Epoch 03 | 03600/06880 | loss 4.2310 | ppl 68.79 | lr 0.0001440046 | 122.4s
Epoch 03 | 03700/06880 | loss 4.2290 | ppl 68.65 | lr 0.0001435916 | 125.6s
Epoch 03 | 03800/06880 | loss 4.2275 | ppl 68.54 | lr 0.0001431822 | 129.0s
Epoch 03 | 03900/06880 | loss 4.2255 | ppl 68.41 | lr 0.0001427762 | 132.5s
Epoch 03 | 04000/06880 | loss 4.2244 | ppl 68.33 | lr 0.0001423737 | 136.1s
Epoch 03 | 04100/06880 | loss 4.2225 | ppl 68.20 | lr 0.0001419746 | 139.6s
Epoch 03 | 04200/06880 | loss 4.2210 | ppl 68.10 | lr 0.0001415788 | 143.2s
Epoch 03 | 04300/06880 | loss 4.2197 | ppl 68.01 | lr 0.0001411862 | 146.8s
Epoch 03 | 04400/06880 | loss 4.2183 | ppl 67.92 | lr 0.000140797 | 150.1s
Epoch 03 | 04500/06880 | loss 4.2166 | ppl 67.80 | lr 0.0001404109 | 153.4s
Epoch 03 | 04600/06880 | loss 4.2149 | ppl 67.69 | lr 0.000140028 | 156.7s
Epoch 03 | 04700/06880 | loss 4.2130 | ppl 67.56 | lr 0.0001396482 | 160.2s
Epoch 03 | 04800/06880 | loss 4.2115 | ppl 67.46 | lr 0.0001392715 | 163.6s
Epoch 03 | 04900/06880 | loss 4.2102 | ppl 67.37 | lr 0.0001388978 | 167.2s
Epoch 03 | 05000/06880 | loss 4.2084 | ppl 67.25 | lr 0.0001385271 | 170.8s
Epoch 03 | 05100/06880 | loss 4.2063 | ppl 67.11 | lr 0.0001381594 | 174.4s
Epoch 03 | 05200/06880 | loss 4.2045 | ppl 66.99 | lr 0.0001377946 | 177.9s
Epoch 03 | 05300/06880 | loss 4.2030 | ppl 66.89 | lr 0.0001374326 | 181.4s
Epoch 03 | 05400/06880 | loss 4.2013 | ppl 66.77 | lr 0.0001370735 | 184.9s
Epoch 03 | 05500/06880 | loss 4.1996 | ppl 66.66 | lr 0.0001367172 | 187.8s
Epoch 03 | 05600/06880 | loss 4.1979 | ppl 66.55 | lr 0.0001363636 | 191.1s
Epoch 03 | 05700/06880 | loss 4.1966 | ppl 66.46 | lr 0.0001360128 | 194.4s
Epoch 03 | 05800/06880 | loss 4.1949 | ppl 66.35 | lr 0.0001356647 | 197.8s
Epoch 03 | 05900/06880 | loss 4.1933 | ppl 66.24 | lr 0.0001353192 | 201.1s
Epoch 03 | 06000/06880 | loss 4.1921 | ppl 66.16 | lr 0.0001349764 | 204.3s
Epoch 03 | 06100/06880 | loss 4.1908 | ppl 66.07 | lr 0.0001346361 | 207.6s
Epoch 03 | 06200/06880 | loss 4.1895 | ppl 65.99 | lr 0.0001342984 | 211.0s
Epoch 03 | 06300/06880 | loss 4.1883 | ppl 65.91 | lr 0.0001339633 | 214.3s
Epoch 03 | 06400/06880 | loss 4.1871 | ppl 65.83 | lr 0.0001336306 | 217.5s
Epoch 03 | 06500/06880 | loss 4.1854 | ppl 65.72 | lr 0.0001333004 | 220.9s
Epoch 03 | 06600/06880 | loss 4.1841 | ppl 65.63 | lr 0.0001329727 | 224.1s
Epoch 03 | 06700/06880 | loss 4.1828 | ppl 65.55 | lr 0.0001326473 | 227.5s
Epoch 03 | 06800/06880 | loss 4.1815 | ppl 65.46 | lr 0.0001323243 | 230.9s
Epoch 03 complete | train loss 4.1803 | dev loss 4.0543 | train BLEU 13.67 | dev BLEU 10.86 | 245.0s
Epoch 04 | 00100/06880 | loss 4.0251 | ppl 55.99 | lr 0.0001317489 | 3.5s
Epoch 04 | 00200/06880 | loss 4.0117 | ppl 55.24 | lr 0.0001314324 | 6.8s
Epoch 04 | 00300/06880 | loss 4.0077 | ppl 55.02 | lr 0.0001311182 | 10.1s
Epoch 04 | 00400/06880 | loss 4.0065 | ppl 54.95 | lr 0.0001308062 | 13.4s
Epoch 04 | 00500/06880 | loss 4.0075 | ppl 55.01 | lr 0.0001304965 | 16.7s
Epoch 04 | 00600/06880 | loss 4.0073 | ppl 55.00 | lr 0.0001301889 | 20.0s
Epoch 04 | 00700/06880 | loss 4.0049 | ppl 54.87 | lr 0.0001298835 | 23.4s
Epoch 04 | 00800/06880 | loss 4.0082 | ppl 55.05 | lr 0.0001295803 | 26.7s
Epoch 04 | 00900/06880 | loss 4.0065 | ppl 54.96 | lr 0.0001292791 | 30.1s
Epoch 04 | 01000/06880 | loss 4.0044 | ppl 54.84 | lr 0.0001289801 | 33.4s
Epoch 04 | 01100/06880 | loss 4.0037 | ppl 54.80 | lr 0.0001286831 | 36.9s
Epoch 04 | 01200/06880 | loss 4.0024 | ppl 54.73 | lr 0.0001283881 | 40.5s
Epoch 04 | 01300/06880 | loss 4.0018 | ppl 54.70 | lr 0.0001280952 | 44.0s
Epoch 04 | 01400/06880 | loss 4.0007 | ppl 54.64 | lr 0.0001278043 | 47.2s
Epoch 04 | 01500/06880 | loss 4.0014 | ppl 54.67 | lr 0.0001275153 | 50.6s
Epoch 04 | 01600/06880 | loss 3.9999 | ppl 54.59 | lr 0.0001272283 | 54.0s
Epoch 04 | 01700/06880 | loss 3.9987 | ppl 54.52 | lr 0.0001269433 | 57.4s
Epoch 04 | 01800/06880 | loss 3.9982 | ppl 54.50 | lr 0.0001266601 | 61.0s
Epoch 04 | 01900/06880 | loss 3.9965 | ppl 54.41 | lr 0.0001263788 | 64.6s
Epoch 04 | 02000/06880 | loss 3.9946 | ppl 54.30 | lr 0.0001260994 | 68.1s
Epoch 04 | 02100/06880 | loss 3.9936 | ppl 54.25 | lr 0.0001258218 | 71.4s
Epoch 04 | 02200/06880 | loss 3.9938 | ppl 54.26 | lr 0.0001255461 | 75.0s
Epoch 04 | 02300/06880 | loss 3.9928 | ppl 54.21 | lr 0.0001252722 | 78.3s
Epoch 04 | 02400/06880 | loss 3.9924 | ppl 54.19 | lr 0.000125 | 81.5s
Epoch 04 | 02500/06880 | loss 3.9914 | ppl 54.13 | lr 0.0001247296 | 84.8s
Epoch 04 | 02600/06880 | loss 3.9908 | ppl 54.10 | lr 0.000124461 | 88.0s
Epoch 04 | 02700/06880 | loss 3.9900 | ppl 54.06 | lr 0.0001241941 | 91.3s
Epoch 04 | 02800/06880 | loss 3.9891 | ppl 54.00 | lr 0.0001239289 | 94.6s
Epoch 04 | 02900/06880 | loss 3.9887 | ppl 53.98 | lr 0.0001236653 | 98.0s
Epoch 04 | 03000/06880 | loss 3.9881 | ppl 53.95 | lr 0.0001234035 | 101.3s
Epoch 04 | 03100/06880 | loss 3.9876 | ppl 53.92 | lr 0.0001231433 | 104.6s
Epoch 04 | 03200/06880 | loss 3.9873 | ppl 53.91 | lr 0.0001228848 | 108.1s
Epoch 04 | 03300/06880 | loss 3.9863 | ppl 53.85 | lr 0.0001226279 | 111.7s
Epoch 04 | 03400/06880 | loss 3.9856 | ppl 53.82 | lr 0.0001223726 | 115.3s
Epoch 04 | 03500/06880 | loss 3.9851 | ppl 53.79 | lr 0.0001221188 | 118.8s
Epoch 04 | 03600/06880 | loss 3.9845 | ppl 53.76 | lr 0.0001218667 | 122.3s
Epoch 04 | 03700/06880 | loss 3.9840 | ppl 53.73 | lr 0.0001216161 | 125.5s
Epoch 04 | 03800/06880 | loss 3.9839 | ppl 53.72 | lr 0.000121367 | 128.8s
Epoch 04 | 03900/06880 | loss 3.9828 | ppl 53.67 | lr 0.0001211195 | 132.2s
Epoch 04 | 04000/06880 | loss 3.9818 | ppl 53.61 | lr 0.0001208734 | 135.7s
Epoch 04 | 04100/06880 | loss 3.9819 | ppl 53.62 | lr 0.0001206289 | 139.0s
Epoch 04 | 04200/06880 | loss 3.9810 | ppl 53.57 | lr 0.0001203859 | 142.2s
Epoch 04 | 04300/06880 | loss 3.9803 | ppl 53.53 | lr 0.0001201443 | 145.5s
Epoch 04 | 04400/06880 | loss 3.9790 | ppl 53.47 | lr 0.0001199041 | 148.7s
Epoch 04 | 04500/06880 | loss 3.9786 | ppl 53.44 | lr 0.0001196654 | 152.0s
Epoch 04 | 04600/06880 | loss 3.9777 | ppl 53.39 | lr 0.0001194281 | 155.2s
Epoch 04 | 04700/06880 | loss 3.9769 | ppl 53.35 | lr 0.0001191922 | 158.4s
Epoch 04 | 04800/06880 | loss 3.9761 | ppl 53.31 | lr 0.0001189577 | 161.8s
Epoch 04 | 04900/06880 | loss 3.9756 | ppl 53.28 | lr 0.0001187246 | 165.4s
Epoch 04 | 05000/06880 | loss 3.9747 | ppl 53.24 | lr 0.0001184929 | 168.9s
Epoch 04 | 05100/06880 | loss 3.9739 | ppl 53.19 | lr 0.0001182625 | 172.5s
Epoch 04 | 05200/06880 | loss 3.9732 | ppl 53.15 | lr 0.0001180334 | 176.0s
Epoch 04 | 05300/06880 | loss 3.9726 | ppl 53.12 | lr 0.0001178057 | 179.5s
Epoch 04 | 05400/06880 | loss 3.9719 | ppl 53.09 | lr 0.0001175793 | 182.8s
Epoch 04 | 05500/06880 | loss 3.9710 | ppl 53.04 | lr 0.0001173542 | 186.1s
Epoch 04 | 05600/06880 | loss 3.9701 | ppl 52.99 | lr 0.0001171303 | 189.1s
Epoch 04 | 05700/06880 | loss 3.9694 | ppl 52.96 | lr 0.0001169078 | 192.4s
Epoch 04 | 05800/06880 | loss 3.9690 | ppl 52.93 | lr 0.0001166865 | 195.9s
Epoch 04 | 05900/06880 | loss 3.9684 | ppl 52.90 | lr 0.0001164664 | 199.2s
Epoch 04 | 06000/06880 | loss 3.9678 | ppl 52.87 | lr 0.0001162476 | 202.7s
Epoch 04 | 06100/06880 | loss 3.9675 | ppl 52.85 | lr 0.0001160301 | 206.2s
Epoch 04 | 06200/06880 | loss 3.9669 | ppl 52.82 | lr 0.0001158137 | 209.8s
Epoch 04 | 06300/06880 | loss 3.9661 | ppl 52.78 | lr 0.0001155986 | 213.4s
Epoch 04 | 06400/06880 | loss 3.9654 | ppl 52.74 | lr 0.0001153846 | 217.0s
Epoch 04 | 06500/06880 | loss 3.9646 | ppl 52.70 | lr 0.0001151718 | 220.4s
Epoch 04 | 06600/06880 | loss 3.9636 | ppl 52.65 | lr 0.0001149602 | 223.9s
Epoch 04 | 06700/06880 | loss 3.9628 | ppl 52.60 | lr 0.0001147498 | 227.5s
Epoch 04 | 06800/06880 | loss 3.9619 | ppl 52.56 | lr 0.0001145405 | 230.8s
Epoch 04 complete | train loss 3.9614 | dev loss 3.8858 | train BLEU 15.59 | dev BLEU 12.34 | 245.1s
Epoch 05 | 00100/06880 | loss 3.8313 | ppl 46.12 | lr 0.0001141667 | 3.3s
Epoch 05 | 00200/06880 | loss 3.8354 | ppl 46.31 | lr 0.0001139606 | 6.8s
Epoch 05 | 00300/06880 | loss 3.8340 | ppl 46.25 | lr 0.0001137556 | 10.3s
Epoch 05 | 00400/06880 | loss 3.8387 | ppl 46.47 | lr 0.0001135517 | 13.8s
Epoch 05 | 00500/06880 | loss 3.8384 | ppl 46.45 | lr 0.0001133489 | 17.3s
Epoch 05 | 00600/06880 | loss 3.8378 | ppl 46.42 | lr 0.0001131471 | 20.8s
Epoch 05 | 00700/06880 | loss 3.8374 | ppl 46.40 | lr 0.0001129465 | 24.1s
Epoch 05 | 00800/06880 | loss 3.8373 | ppl 46.40 | lr 0.0001127469 | 27.5s
Epoch 05 | 00900/06880 | loss 3.8381 | ppl 46.44 | lr 0.0001125484 | 30.9s
Epoch 05 | 01000/06880 | loss 3.8380 | ppl 46.43 | lr 0.0001123509 | 34.4s
Epoch 05 | 01100/06880 | loss 3.8401 | ppl 46.53 | lr 0.0001121544 | 38.0s
Epoch 05 | 01200/06880 | loss 3.8412 | ppl 46.58 | lr 0.000111959 | 41.5s
Epoch 05 | 01300/06880 | loss 3.8417 | ppl 46.61 | lr 0.0001117646 | 45.2s
Epoch 05 | 01400/06880 | loss 3.8406 | ppl 46.55 | lr 0.0001115712 | 48.6s
Epoch 05 | 01500/06880 | loss 3.8398 | ppl 46.52 | lr 0.0001113788 | 52.0s
Epoch 05 | 01600/06880 | loss 3.8391 | ppl 46.48 | lr 0.0001111874 | 55.4s
Epoch 05 | 01700/06880 | loss 3.8392 | ppl 46.49 | lr 0.000110997 | 58.7s
Epoch 05 | 01800/06880 | loss 3.8384 | ppl 46.45 | lr 0.0001108075 | 61.9s
Epoch 05 | 01900/06880 | loss 3.8378 | ppl 46.42 | lr 0.000110619 | 65.4s
Epoch 05 | 02000/06880 | loss 3.8380 | ppl 46.43 | lr 0.0001104315 | 68.9s
Epoch 05 | 02100/06880 | loss 3.8371 | ppl 46.39 | lr 0.000110245 | 72.2s
Epoch 05 | 02200/06880 | loss 3.8374 | ppl 46.40 | lr 0.0001100593 | 75.7s
Epoch 05 | 02300/06880 | loss 3.8367 | ppl 46.37 | lr 0.0001098746 | 79.4s
Epoch 05 | 02400/06880 | loss 3.8353 | ppl 46.31 | lr 0.0001096909 | 83.0s
Epoch 05 | 02500/06880 | loss 3.8359 | ppl 46.34 | lr 0.000109508 | 86.4s
Epoch 05 | 02600/06880 | loss 3.8361 | ppl 46.34 | lr 0.0001093261 | 89.7s
Epoch 05 | 02700/06880 | loss 3.8356 | ppl 46.32 | lr 0.000109145 | 92.9s
Epoch 05 | 02800/06880 | loss 3.8358 | ppl 46.33 | lr 0.0001089649 | 96.2s
Epoch 05 | 02900/06880 | loss 3.8354 | ppl 46.31 | lr 0.0001087857 | 99.5s
Epoch 05 | 03000/06880 | loss 3.8353 | ppl 46.31 | lr 0.0001086073 | 102.8s
Epoch 05 | 03100/06880 | loss 3.8348 | ppl 46.28 | lr 0.0001084298 | 106.0s
Epoch 05 | 03200/06880 | loss 3.8350 | ppl 46.30 | lr 0.0001082532 | 109.2s
Epoch 05 | 03300/06880 | loss 3.8344 | ppl 46.26 | lr 0.0001080774 | 112.6s
Epoch 05 | 03400/06880 | loss 3.8345 | ppl 46.27 | lr 0.0001079025 | 115.8s
Epoch 05 | 03500/06880 | loss 3.8338 | ppl 46.24 | lr 0.0001077284 | 119.2s
Epoch 05 | 03600/06880 | loss 3.8334 | ppl 46.22 | lr 0.0001075552 | 122.5s
Epoch 05 | 03700/06880 | loss 3.8331 | ppl 46.21 | lr 0.0001073828 | 125.7s
Epoch 05 | 03800/06880 | loss 3.8332 | ppl 46.21 | lr 0.0001072113 | 128.8s
Epoch 05 | 03900/06880 | loss 3.8324 | ppl 46.17 | lr 0.0001070405 | 132.1s
Epoch 05 | 04000/06880 | loss 3.8323 | ppl 46.17 | lr 0.0001068706 | 135.5s
Epoch 05 | 04100/06880 | loss 3.8323 | ppl 46.17 | lr 0.0001067014 | 138.7s
Epoch 05 | 04200/06880 | loss 3.8316 | ppl 46.14 | lr 0.0001065331 | 142.1s
Epoch 05 | 04300/06880 | loss 3.8316 | ppl 46.14 | lr 0.0001063656 | 145.4s
Epoch 05 | 04400/06880 | loss 3.8310 | ppl 46.11 | lr 0.0001061988 | 149.0s
Epoch 05 | 04500/06880 | loss 3.8306 | ppl 46.09 | lr 0.0001060329 | 152.7s
Epoch 05 | 04600/06880 | loss 3.8305 | ppl 46.09 | lr 0.0001058677 | 156.2s
Epoch 05 | 04700/06880 | loss 3.8301 | ppl 46.07 | lr 0.0001057033 | 159.7s
Epoch 05 | 04800/06880 | loss 3.8297 | ppl 46.05 | lr 0.0001055396 | 163.2s
Epoch 05 | 04900/06880 | loss 3.8294 | ppl 46.03 | lr 0.0001053767 | 166.7s
Epoch 05 | 05000/06880 | loss 3.8290 | ppl 46.02 | lr 0.0001052146 | 170.0s
Epoch 05 | 05100/06880 | loss 3.8284 | ppl 45.99 | lr 0.0001050532 | 173.2s
Epoch 05 | 05200/06880 | loss 3.8275 | ppl 45.95 | lr 0.0001048925 | 176.3s
Epoch 05 | 05300/06880 | loss 3.8271 | ppl 45.93 | lr 0.0001047326 | 179.8s
Epoch 05 | 05400/06880 | loss 3.8271 | ppl 45.93 | lr 0.0001045734 | 183.3s
Epoch 05 | 05500/06880 | loss 3.8264 | ppl 45.90 | lr 0.000104415 | 186.9s
Epoch 05 | 05600/06880 | loss 3.8259 | ppl 45.87 | lr 0.0001042572 | 190.5s
Epoch 05 | 05700/06880 | loss 3.8262 | ppl 45.89 | lr 0.0001041002 | 194.0s
Epoch 05 | 05800/06880 | loss 3.8261 | ppl 45.88 | lr 0.0001039438 | 197.6s
Epoch 05 | 05900/06880 | loss 3.8259 | ppl 45.87 | lr 0.0001037882 | 200.9s
Epoch 05 | 06000/06880 | loss 3.8254 | ppl 45.85 | lr 0.0001036333 | 204.2s
Epoch 05 | 06100/06880 | loss 3.8251 | ppl 45.84 | lr 0.000103479 | 207.5s
Epoch 05 | 06200/06880 | loss 3.8246 | ppl 45.81 | lr 0.0001033255 | 210.8s
Epoch 05 | 06300/06880 | loss 3.8240 | ppl 45.79 | lr 0.0001031726 | 214.0s
Epoch 05 | 06400/06880 | loss 3.8236 | ppl 45.77 | lr 0.0001030204 | 217.6s
Epoch 05 | 06500/06880 | loss 3.8233 | ppl 45.75 | lr 0.0001028689 | 221.0s
Epoch 05 | 06600/06880 | loss 3.8228 | ppl 45.73 | lr 0.000102718 | 224.4s
Epoch 05 | 06700/06880 | loss 3.8224 | ppl 45.72 | lr 0.0001025678 | 227.8s
Epoch 05 | 06800/06880 | loss 3.8220 | ppl 45.69 | lr 0.0001024183 | 231.2s
Epoch 05 complete | train loss 3.8218 | dev loss 3.7943 | train BLEU 17.07 | dev BLEU 13.67 | 244.5s
Epoch 06 | 00100/06880 | loss 3.7498 | ppl 42.51 | lr 0.0001021508 | 3.3s
Epoch 06 | 00200/06880 | loss 3.7388 | ppl 42.05 | lr 0.0001020031 | 6.5s
Epoch 06 | 00300/06880 | loss 3.7423 | ppl 42.20 | lr 0.000101856 | 9.8s
Epoch 06 | 00400/06880 | loss 3.7377 | ppl 42.00 | lr 0.0001017095 | 13.1s
Epoch 06 | 00500/06880 | loss 3.7353 | ppl 41.90 | lr 0.0001015637 | 16.4s
Epoch 06 | 00600/06880 | loss 3.7351 | ppl 41.89 | lr 0.0001014185 | 19.6s
Epoch 06 | 00700/06880 | loss 3.7337 | ppl 41.83 | lr 0.0001012739 | 22.8s
Epoch 06 | 00800/06880 | loss 3.7342 | ppl 41.86 | lr 0.00010113 | 26.2s
Epoch 06 | 00900/06880 | loss 3.7346 | ppl 41.87 | lr 0.0001009866 | 29.7s
Epoch 06 | 01000/06880 | loss 3.7335 | ppl 41.83 | lr 0.0001008439 | 33.1s
Epoch 06 | 01100/06880 | loss 3.7336 | ppl 41.83 | lr 0.0001007018 | 36.5s
Epoch 06 | 01200/06880 | loss 3.7341 | ppl 41.85 | lr 0.0001005602 | 40.1s
Epoch 06 | 01300/06880 | loss 3.7346 | ppl 41.87 | lr 0.0001004193 | 43.6s
Epoch 06 | 01400/06880 | loss 3.7347 | ppl 41.88 | lr 0.0001002789 | 47.2s
Epoch 06 | 01500/06880 | loss 3.7344 | ppl 41.86 | lr 0.0001001392 | 50.8s
Epoch 06 | 01600/06880 | loss 3.7336 | ppl 41.83 | lr 0.0001 | 54.3s
Epoch 06 | 01700/06880 | loss 3.7336 | ppl 41.83 | lr 9.98614e-05 | 57.8s
Epoch 06 | 01800/06880 | loss 3.7332 | ppl 41.81 | lr 9.972337e-05 | 61.4s
Epoch 06 | 01900/06880 | loss 3.7331 | ppl 41.81 | lr 9.958592e-05 | 65.0s
Epoch 06 | 02000/06880 | loss 3.7337 | ppl 41.84 | lr 9.944903e-05 | 68.6s
Epoch 06 | 02100/06880 | loss 3.7339 | ppl 41.84 | lr 9.931271e-05 | 72.1s
Epoch 06 | 02200/06880 | loss 3.7328 | ppl 41.80 | lr 9.917694e-05 | 75.4s
Epoch 06 | 02300/06880 | loss 3.7329 | ppl 41.80 | lr 9.904173e-05 | 78.7s
Epoch 06 | 02400/06880 | loss 3.7327 | ppl 41.79 | lr 9.890707e-05 | 82.0s
Epoch 06 | 02500/06880 | loss 3.7327 | ppl 41.79 | lr 9.877296e-05 | 85.2s
Epoch 06 | 02600/06880 | loss 3.7329 | ppl 41.80 | lr 9.863939e-05 | 88.5s
Epoch 06 | 02700/06880 | loss 3.7330 | ppl 41.80 | lr 9.850637e-05 | 91.8s
Epoch 06 | 02800/06880 | loss 3.7326 | ppl 41.79 | lr 9.837388e-05 | 95.0s
Epoch 06 | 02900/06880 | loss 3.7322 | ppl 41.77 | lr 9.824192e-05 | 98.3s
Epoch 06 | 03000/06880 | loss 3.7321 | ppl 41.77 | lr 9.811049e-05 | 101.6s
Epoch 06 | 03100/06880 | loss 3.7314 | ppl 41.74 | lr 9.797959e-05 | 104.9s
Epoch 06 | 03200/06880 | loss 3.7310 | ppl 41.72 | lr 9.784921e-05 | 108.2s
Epoch 06 | 03300/06880 | loss 3.7310 | ppl 41.72 | lr 9.771935e-05 | 111.4s
Epoch 06 | 03400/06880 | loss 3.7308 | ppl 41.71 | lr 9.759001e-05 | 114.7s
Epoch 06 | 03500/06880 | loss 3.7306 | ppl 41.70 | lr 9.746118e-05 | 118.1s
Epoch 06 | 03600/06880 | loss 3.7302 | ppl 41.69 | lr 9.733285e-05 | 121.3s
Epoch 06 | 03700/06880 | loss 3.7302 | ppl 41.69 | lr 9.720504e-05 | 124.5s
Epoch 06 | 03800/06880 | loss 3.7300 | ppl 41.68 | lr 9.707772e-05 | 127.8s
Epoch 06 | 03900/06880 | loss 3.7297 | ppl 41.67 | lr 9.69509e-05 | 131.0s
Epoch 06 | 04000/06880 | loss 3.7295 | ppl 41.66 | lr 9.682458e-05 | 134.3s
Epoch 06 | 04100/06880 | loss 3.7291 | ppl 41.64 | lr 9.669876e-05 | 137.6s
Epoch 06 | 04200/06880 | loss 3.7289 | ppl 41.63 | lr 9.657342e-05 | 141.1s
Epoch 06 | 04300/06880 | loss 3.7288 | ppl 41.63 | lr 9.644856e-05 | 144.6s
Epoch 06 | 04400/06880 | loss 3.7290 | ppl 41.64 | lr 9.632419e-05 | 147.9s
Epoch 06 | 04500/06880 | loss 3.7288 | ppl 41.63 | lr 9.620031e-05 | 151.2s
Epoch 06 | 04600/06880 | loss 3.7285 | ppl 41.62 | lr 9.607689e-05 | 154.5s
Epoch 06 | 04700/06880 | loss 3.7283 | ppl 41.61 | lr 9.595395e-05 | 157.8s
Epoch 06 | 04800/06880 | loss 3.7284 | ppl 41.61 | lr 9.583148e-05 | 161.2s
Epoch 06 | 04900/06880 | loss 3.7282 | ppl 41.60 | lr 9.570948e-05 | 164.5s
Epoch 06 | 05000/06880 | loss 3.7279 | ppl 41.59 | lr 9.558795e-05 | 167.8s
Epoch 06 | 05100/06880 | loss 3.7274 | ppl 41.57 | lr 9.546687e-05 | 171.1s
Epoch 06 | 05200/06880 | loss 3.7277 | ppl 41.58 | lr 9.534626e-05 | 174.5s
Epoch 06 | 05300/06880 | loss 3.7273 | ppl 41.57 | lr 9.52261e-05 | 177.8s
Epoch 06 | 05400/06880 | loss 3.7272 | ppl 41.56 | lr 9.510639e-05 | 181.1s
Epoch 06 | 05500/06880 | loss 3.7269 | ppl 41.55 | lr 9.498714e-05 | 184.5s
Epoch 06 | 05600/06880 | loss 3.7268 | ppl 41.55 | lr 9.486833e-05 | 187.7s
Epoch 06 | 05700/06880 | loss 3.7270 | ppl 41.56 | lr 9.474997e-05 | 190.9s
Epoch 06 | 05800/06880 | loss 3.7268 | ppl 41.55 | lr 9.463204e-05 | 194.0s
Epoch 06 | 05900/06880 | loss 3.7263 | ppl 41.53 | lr 9.451456e-05 | 197.3s
Epoch 06 | 06000/06880 | loss 3.7260 | ppl 41.51 | lr 9.439752e-05 | 200.6s
Epoch 06 | 06100/06880 | loss 3.7256 | ppl 41.50 | lr 9.42809e-05 | 204.0s
Epoch 06 | 06200/06880 | loss 3.7252 | ppl 41.48 | lr 9.416472e-05 | 207.4s
Epoch 06 | 06300/06880 | loss 3.7253 | ppl 41.48 | lr 9.404897e-05 | 210.8s
Epoch 06 | 06400/06880 | loss 3.7254 | ppl 41.49 | lr 9.393364e-05 | 214.1s
Epoch 06 | 06500/06880 | loss 3.7254 | ppl 41.49 | lr 9.381874e-05 | 217.5s
Epoch 06 | 06600/06880 | loss 3.7249 | ppl 41.47 | lr 9.370426e-05 | 220.7s
Epoch 06 | 06700/06880 | loss 3.7243 | ppl 41.44 | lr 9.359019e-05 | 224.0s
Epoch 06 | 06800/06880 | loss 3.7238 | ppl 41.42 | lr 9.347654e-05 | 227.3s
Epoch 06 complete | train loss 3.7235 | dev loss 3.7271 | train BLEU 17.96 | dev BLEU 14.61 | 239.8s
Epoch 07 | 00100/06880 | loss 3.6487 | ppl 38.42 | lr 9.327301e-05 | 3.3s
Epoch 07 | 00200/06880 | loss 3.6403 | ppl 38.10 | lr 9.316051e-05 | 6.7s
Epoch 07 | 00300/06880 | loss 3.6428 | ppl 38.20 | lr 9.304842e-05 | 10.2s
Epoch 07 | 00400/06880 | loss 3.6438 | ppl 38.24 | lr 9.293673e-05 | 13.5s
Epoch 07 | 00500/06880 | loss 3.6463 | ppl 38.33 | lr 9.282544e-05 | 16.8s
Epoch 07 | 00600/06880 | loss 3.6495 | ppl 38.46 | lr 9.271455e-05 | 20.1s
Epoch 07 | 00700/06880 | loss 3.6493 | ppl 38.45 | lr 9.260406e-05 | 23.4s
Epoch 07 | 00800/06880 | loss 3.6480 | ppl 38.40 | lr 9.249396e-05 | 26.8s
Epoch 07 | 00900/06880 | loss 3.6491 | ppl 38.44 | lr 9.238426e-05 | 30.4s
Epoch 07 | 01000/06880 | loss 3.6492 | ppl 38.45 | lr 9.227494e-05 | 33.8s
Epoch 07 | 01100/06880 | loss 3.6484 | ppl 38.41 | lr 9.216601e-05 | 37.3s
Epoch 07 | 01200/06880 | loss 3.6485 | ppl 38.42 | lr 9.205746e-05 | 40.8s
Epoch 07 | 01300/06880 | loss 3.6483 | ppl 38.41 | lr 9.19493e-05 | 44.3s
Epoch 07 | 01400/06880 | loss 3.6498 | ppl 38.47 | lr 9.184152e-05 | 47.7s
Epoch 07 | 01500/06880 | loss 3.6499 | ppl 38.47 | lr 9.173411e-05 | 51.0s
Epoch 07 | 01600/06880 | loss 3.6502 | ppl 38.48 | lr 9.162708e-05 | 54.4s
Epoch 07 | 01700/06880 | loss 3.6496 | ppl 38.46 | lr 9.152043e-05 | 57.9s
Epoch 07 | 01800/06880 | loss 3.6499 | ppl 38.47 | lr 9.141415e-05 | 61.2s
Epoch 07 | 01900/06880 | loss 3.6510 | ppl 38.51 | lr 9.130823e-05 | 64.7s
Epoch 07 | 02000/06880 | loss 3.6520 | ppl 38.55 | lr 9.120269e-05 | 68.0s
Epoch 07 | 02100/06880 | loss 3.6520 | ppl 38.55 | lr 9.10975e-05 | 71.3s
Epoch 07 | 02200/06880 | loss 3.6512 | ppl 38.52 | lr 9.099269e-05 | 74.5s
Epoch 07 | 02300/06880 | loss 3.6511 | ppl 38.52 | lr 9.088823e-05 | 77.8s
Epoch 07 | 02400/06880 | loss 3.6512 | ppl 38.52 | lr 9.078413e-05 | 81.0s
Epoch 07 | 02500/06880 | loss 3.6515 | ppl 38.53 | lr 9.068039e-05 | 84.4s
Epoch 07 | 02600/06880 | loss 3.6528 | ppl 38.58 | lr 9.0577e-05 | 87.7s
Epoch 07 | 02700/06880 | loss 3.6534 | ppl 38.61 | lr 9.047397e-05 | 91.0s
Epoch 07 | 02800/06880 | loss 3.6543 | ppl 38.64 | lr 9.037128e-05 | 94.4s
Epoch 07 | 02900/06880 | loss 3.6539 | ppl 38.63 | lr 9.026895e-05 | 97.7s
Epoch 07 | 03000/06880 | loss 3.6544 | ppl 38.64 | lr 9.016696e-05 | 101.0s
Epoch 07 | 03100/06880 | loss 3.6542 | ppl 38.64 | lr 9.006532e-05 | 104.2s
Epoch 07 | 03200/06880 | loss 3.6546 | ppl 38.65 | lr 8.996402e-05 | 107.5s
Epoch 07 | 03300/06880 | loss 3.6542 | ppl 38.64 | lr 8.986306e-05 | 110.8s
Epoch 07 | 03400/06880 | loss 3.6548 | ppl 38.66 | lr 8.976244e-05 | 114.1s
Epoch 07 | 03500/06880 | loss 3.6545 | ppl 38.65 | lr 8.966216e-05 | 117.5s
Epoch 07 | 03600/06880 | loss 3.6545 | ppl 38.65 | lr 8.956222e-05 | 120.9s
Epoch 07 | 03700/06880 | loss 3.6545 | ppl 38.65 | lr 8.94626e-05 | 124.3s
Epoch 07 | 03800/06880 | loss 3.6543 | ppl 38.64 | lr 8.936332e-05 | 127.8s
Epoch 07 | 03900/06880 | loss 3.6542 | ppl 38.64 | lr 8.926437e-05 | 131.2s
Epoch 07 | 04000/06880 | loss 3.6540 | ppl 38.63 | lr 8.916574e-05 | 134.5s
Epoch 07 | 04100/06880 | loss 3.6539 | ppl 38.62 | lr 8.906745e-05 | 137.7s
Epoch 07 | 04200/06880 | loss 3.6540 | ppl 38.63 | lr 8.896947e-05 | 141.1s
Epoch 07 | 04300/06880 | loss 3.6535 | ppl 38.61 | lr 8.887182e-05 | 144.5s
Epoch 07 | 04400/06880 | loss 3.6535 | ppl 38.61 | lr 8.877449e-05 | 147.8s
Epoch 07 | 04500/06880 | loss 3.6537 | ppl 38.62 | lr 8.867748e-05 | 151.2s
Epoch 07 | 04600/06880 | loss 3.6536 | ppl 38.61 | lr 8.858079e-05 | 154.9s
Epoch 07 | 04700/06880 | loss 3.6537 | ppl 38.62 | lr 8.848441e-05 | 158.5s
Epoch 07 | 04800/06880 | loss 3.6535 | ppl 38.61 | lr 8.838835e-05 | 162.1s
Epoch 07 | 04900/06880 | loss 3.6534 | ppl 38.61 | lr 8.82926e-05 | 165.6s
Epoch 07 | 05000/06880 | loss 3.6528 | ppl 38.58 | lr 8.819715e-05 | 169.2s
Epoch 07 | 05100/06880 | loss 3.6526 | ppl 38.58 | lr 8.810202e-05 | 172.6s
Epoch 07 | 05200/06880 | loss 3.6525 | ppl 38.57 | lr 8.80072e-05 | 175.9s
Epoch 07 | 05300/06880 | loss 3.6524 | ppl 38.57 | lr 8.791268e-05 | 179.2s
Epoch 07 | 05400/06880 | loss 3.6525 | ppl 38.57 | lr 8.781846e-05 | 182.5s
Epoch 07 | 05500/06880 | loss 3.6523 | ppl 38.56 | lr 8.772455e-05 | 185.9s
Epoch 07 | 05600/06880 | loss 3.6520 | ppl 38.55 | lr 8.763094e-05 | 189.1s
Epoch 07 | 05700/06880 | loss 3.6519 | ppl 38.55 | lr 8.753762e-05 | 192.4s
Epoch 07 | 05800/06880 | loss 3.6518 | ppl 38.54 | lr 8.744461e-05 | 195.7s
Epoch 07 | 05900/06880 | loss 3.6517 | ppl 38.54 | lr 8.735189e-05 | 199.0s
Epoch 07 | 06000/06880 | loss 3.6514 | ppl 38.53 | lr 8.725946e-05 | 202.3s
Epoch 07 | 06100/06880 | loss 3.6509 | ppl 38.51 | lr 8.716733e-05 | 205.3s
Epoch 07 | 06200/06880 | loss 3.6505 | ppl 38.49 | lr 8.707548e-05 | 208.4s
Epoch 07 | 06300/06880 | loss 3.6504 | ppl 38.49 | lr 8.698393e-05 | 211.8s
Epoch 07 | 06400/06880 | loss 3.6500 | ppl 38.48 | lr 8.689267e-05 | 215.4s
Epoch 07 | 06500/06880 | loss 3.6498 | ppl 38.47 | lr 8.680169e-05 | 218.9s
Epoch 07 | 06600/06880 | loss 3.6497 | ppl 38.46 | lr 8.6711e-05 | 222.3s
Epoch 07 | 06700/06880 | loss 3.6496 | ppl 38.46 | lr 8.662059e-05 | 225.6s
Epoch 07 | 06800/06880 | loss 3.6493 | ppl 38.45 | lr 8.653046e-05 | 229.0s
Epoch 07 complete | train loss 3.6493 | dev loss 3.6698 | train BLEU 18.80 | dev BLEU 14.62 | 241.8s
Epoch 08 | 00100/06880 | loss 3.5549 | ppl 34.98 | lr 8.636894e-05 | 3.3s
Epoch 08 | 00200/06880 | loss 3.5699 | ppl 35.51 | lr 8.62796e-05 | 6.6s
Epoch 08 | 00300/06880 | loss 3.5706 | ppl 35.54 | lr 8.619053e-05 | 9.9s
Epoch 08 | 00400/06880 | loss 3.5694 | ppl 35.50 | lr 8.610174e-05 | 13.2s
Epoch 08 | 00500/06880 | loss 3.5700 | ppl 35.51 | lr 8.601322e-05 | 16.7s
Epoch 08 | 00600/06880 | loss 3.5714 | ppl 35.57 | lr 8.592497e-05 | 20.4s
Epoch 08 | 00700/06880 | loss 3.5742 | ppl 35.67 | lr 8.5837e-05 | 24.0s
Epoch 08 | 00800/06880 | loss 3.5739 | ppl 35.66 | lr 8.574929e-05 | 27.6s
Epoch 08 | 00900/06880 | loss 3.5738 | ppl 35.65 | lr 8.566186e-05 | 31.1s
Epoch 08 | 01000/06880 | loss 3.5762 | ppl 35.74 | lr 8.557469e-05 | 34.6s
Epoch 08 | 01100/06880 | loss 3.5777 | ppl 35.79 | lr 8.548778e-05 | 38.2s
Epoch 08 | 01200/06880 | loss 3.5788 | ppl 35.83 | lr 8.540114e-05 | 41.8s
Epoch 08 | 01300/06880 | loss 3.5803 | ppl 35.88 | lr 8.531476e-05 | 45.1s
Epoch 08 | 01400/06880 | loss 3.5807 | ppl 35.90 | lr 8.522865e-05 | 48.5s
Epoch 08 | 01500/06880 | loss 3.5807 | ppl 35.90 | lr 8.514279e-05 | 52.0s
Epoch 08 | 01600/06880 | loss 3.5816 | ppl 35.93 | lr 8.50572e-05 | 55.6s
Epoch 08 | 01700/06880 | loss 3.5823 | ppl 35.96 | lr 8.497186e-05 | 59.2s
Epoch 08 | 01800/06880 | loss 3.5825 | ppl 35.96 | lr 8.488678e-05 | 62.7s
Epoch 08 | 01900/06880 | loss 3.5834 | ppl 36.00 | lr 8.480195e-05 | 66.1s
Epoch 08 | 02000/06880 | loss 3.5843 | ppl 36.03 | lr 8.471737e-05 | 69.3s
Epoch 08 | 02100/06880 | loss 3.5849 | ppl 36.05 | lr 8.463305e-05 | 72.7s
Epoch 08 | 02200/06880 | loss 3.5857 | ppl 36.08 | lr 8.454898e-05 | 76.0s
Epoch 08 | 02300/06880 | loss 3.5858 | ppl 36.08 | lr 8.446516e-05 | 79.3s
Epoch 08 | 02400/06880 | loss 3.5869 | ppl 36.12 | lr 8.438159e-05 | 82.7s
Epoch 08 | 02500/06880 | loss 3.5871 | ppl 36.13 | lr 8.429827e-05 | 86.0s
Epoch 08 | 02600/06880 | loss 3.5871 | ppl 36.13 | lr 8.421519e-05 | 89.3s
Epoch 08 | 02700/06880 | loss 3.5885 | ppl 36.18 | lr 8.413236e-05 | 92.5s
Epoch 08 | 02800/06880 | loss 3.5890 | ppl 36.20 | lr 8.404977e-05 | 95.8s
Epoch 08 | 02900/06880 | loss 3.5888 | ppl 36.19 | lr 8.396743e-05 | 99.1s
Epoch 08 | 03000/06880 | loss 3.5887 | ppl 36.19 | lr 8.388532e-05 | 102.4s
Epoch 08 | 03100/06880 | loss 3.5881 | ppl 36.16 | lr 8.380346e-05 | 105.8s
Epoch 08 | 03200/06880 | loss 3.5884 | ppl 36.17 | lr 8.372184e-05 | 109.0s
Epoch 08 | 03300/06880 | loss 3.5884 | ppl 36.18 | lr 8.364045e-05 | 112.4s
Epoch 08 | 03400/06880 | loss 3.5886 | ppl 36.18 | lr 8.35593e-05 | 116.0s
Epoch 08 | 03500/06880 | loss 3.5890 | ppl 36.20 | lr 8.347839e-05 | 119.6s
Epoch 08 | 03600/06880 | loss 3.5890 | ppl 36.20 | lr 8.339771e-05 | 123.3s
Epoch 08 | 03700/06880 | loss 3.5890 | ppl 36.20 | lr 8.331726e-05 | 126.8s
Epoch 08 | 03800/06880 | loss 3.5889 | ppl 36.20 | lr 8.323705e-05 | 130.3s
Epoch 08 | 03900/06880 | loss 3.5891 | ppl 36.20 | lr 8.315707e-05 | 133.6s
Epoch 08 | 04000/06880 | loss 3.5894 | ppl 36.21 | lr 8.307732e-05 | 136.9s
Epoch 08 | 04100/06880 | loss 3.5894 | ppl 36.21 | lr 8.299779e-05 | 140.2s
Epoch 08 | 04200/06880 | loss 3.5896 | ppl 36.22 | lr 8.29185e-05 | 143.5s
Epoch 08 | 04300/06880 | loss 3.5899 | ppl 36.23 | lr 8.283943e-05 | 146.9s
Epoch 08 | 04400/06880 | loss 3.5895 | ppl 36.22 | lr 8.276059e-05 | 150.2s
Epoch 08 | 04500/06880 | loss 3.5894 | ppl 36.21 | lr 8.268197e-05 | 153.7s
Epoch 08 | 04600/06880 | loss 3.5895 | ppl 36.22 | lr 8.260358e-05 | 156.9s
Epoch 08 | 04700/06880 | loss 3.5895 | ppl 36.22 | lr 8.252541e-05 | 160.2s
Epoch 08 | 04800/06880 | loss 3.5893 | ppl 36.21 | lr 8.244746e-05 | 163.4s
Epoch 08 | 04900/06880 | loss 3.5891 | ppl 36.20 | lr 8.236973e-05 | 166.7s
Epoch 08 | 05000/06880 | loss 3.5897 | ppl 36.22 | lr 8.229222e-05 | 169.8s
Epoch 08 | 05100/06880 | loss 3.5892 | ppl 36.21 | lr 8.221493e-05 | 173.0s
Epoch 08 | 05200/06880 | loss 3.5893 | ppl 36.21 | lr 8.213785e-05 | 176.3s
Epoch 08 | 05300/06880 | loss 3.5893 | ppl 36.21 | lr 8.206099e-05 | 179.8s
Epoch 08 | 05400/06880 | loss 3.5894 | ppl 36.21 | lr 8.198435e-05 | 183.2s
Epoch 08 | 05500/06880 | loss 3.5897 | ppl 36.22 | lr 8.190792e-05 | 186.5s
Epoch 08 | 05600/06880 | loss 3.5898 | ppl 36.23 | lr 8.183171e-05 | 190.0s
Epoch 08 | 05700/06880 | loss 3.5903 | ppl 36.25 | lr 8.175571e-05 | 193.6s
Epoch 08 | 05800/06880 | loss 3.5902 | ppl 36.24 | lr 8.167992e-05 | 197.1s
Epoch 08 | 05900/06880 | loss 3.5901 | ppl 36.24 | lr 8.160433e-05 | 200.6s
Epoch 08 | 06000/06880 | loss 3.5902 | ppl 36.24 | lr 8.152896e-05 | 204.1s
Epoch 08 | 06100/06880 | loss 3.5904 | ppl 36.25 | lr 8.14538e-05 | 207.3s
Epoch 08 | 06200/06880 | loss 3.5905 | ppl 36.25 | lr 8.137885e-05 | 210.7s
Epoch 08 | 06300/06880 | loss 3.5906 | ppl 36.25 | lr 8.13041e-05 | 214.4s
Epoch 08 | 06400/06880 | loss 3.5906 | ppl 36.26 | lr 8.122955e-05 | 218.0s
Epoch 08 | 06500/06880 | loss 3.5907 | ppl 36.26 | lr 8.115522e-05 | 221.5s
Epoch 08 | 06600/06880 | loss 3.5907 | ppl 36.26 | lr 8.108108e-05 | 225.1s
Epoch 08 | 06700/06880 | loss 3.5910 | ppl 36.27 | lr 8.100715e-05 | 228.7s
Epoch 08 | 06800/06880 | loss 3.5909 | ppl 36.27 | lr 8.093342e-05 | 232.3s
Epoch 08 complete | train loss 3.5908 | dev loss 3.6313 | train BLEU 19.26 | dev BLEU 15.49 | 245.9s
Epoch 09 | 00100/06880 | loss 3.5181 | ppl 33.72 | lr 8.080121e-05 | 3.2s
Epoch 09 | 00200/06880 | loss 3.5212 | ppl 33.83 | lr 8.072804e-05 | 6.6s
Epoch 09 | 00300/06880 | loss 3.5295 | ppl 34.11 | lr 8.065507e-05 | 9.9s
Epoch 09 | 00400/06880 | loss 3.5339 | ppl 34.26 | lr 8.05823e-05 | 13.2s
Epoch 09 | 00500/06880 | loss 3.5319 | ppl 34.19 | lr 8.050972e-05 | 16.5s
Epoch 09 | 00600/06880 | loss 3.5319 | ppl 34.19 | lr 8.043734e-05 | 20.0s
Epoch 09 | 00700/06880 | loss 3.5332 | ppl 34.23 | lr 8.036515e-05 | 23.3s
Epoch 09 | 00800/06880 | loss 3.5332 | ppl 34.23 | lr 8.029316e-05 | 26.6s
Epoch 09 | 00900/06880 | loss 3.5336 | ppl 34.25 | lr 8.022136e-05 | 29.9s
Epoch 09 | 01000/06880 | loss 3.5337 | ppl 34.25 | lr 8.014975e-05 | 33.2s
Epoch 09 | 01100/06880 | loss 3.5353 | ppl 34.31 | lr 8.007834e-05 | 36.5s
Epoch 09 | 01200/06880 | loss 3.5346 | ppl 34.28 | lr 8.000711e-05 | 39.8s
Epoch 09 | 01300/06880 | loss 3.5343 | ppl 34.27 | lr 7.993608e-05 | 43.0s
Epoch 09 | 01400/06880 | loss 3.5342 | ppl 34.27 | lr 7.986523e-05 | 46.3s
Epoch 09 | 01500/06880 | loss 3.5362 | ppl 34.34 | lr 7.979457e-05 | 49.5s
Epoch 09 | 01600/06880 | loss 3.5351 | ppl 34.30 | lr 7.97241e-05 | 52.8s
Epoch 09 | 01700/06880 | loss 3.5353 | ppl 34.31 | lr 7.965382e-05 | 56.2s
Epoch 09 | 01800/06880 | loss 3.5359 | ppl 34.33 | lr 7.958372e-05 | 59.5s
Epoch 09 | 01900/06880 | loss 3.5366 | ppl 34.35 | lr 7.95138e-05 | 62.9s
Epoch 09 | 02000/06880 | loss 3.5370 | ppl 34.36 | lr 7.944407e-05 | 66.2s
Epoch 09 | 02100/06880 | loss 3.5372 | ppl 34.37 | lr 7.937452e-05 | 69.5s
Epoch 09 | 02200/06880 | loss 3.5375 | ppl 34.38 | lr 7.930516e-05 | 72.7s
Epoch 09 | 02300/06880 | loss 3.5368 | ppl 34.36 | lr 7.923597e-05 | 76.0s
Epoch 09 | 02400/06880 | loss 3.5371 | ppl 34.37 | lr 7.916697e-05 | 79.3s
Epoch 09 | 02500/06880 | loss 3.5368 | ppl 34.36 | lr 7.909815e-05 | 82.5s
Epoch 09 | 02600/06880 | loss 3.5369 | ppl 34.36 | lr 7.902951e-05 | 85.9s
Epoch 09 | 02700/06880 | loss 3.5373 | ppl 34.37 | lr 7.896104e-05 | 89.2s
Epoch 09 | 02800/06880 | loss 3.5377 | ppl 34.39 | lr 7.889275e-05 | 92.6s
Epoch 09 | 02900/06880 | loss 3.5377 | ppl 34.39 | lr 7.882464e-05 | 95.9s
Epoch 09 | 03000/06880 | loss 3.5379 | ppl 34.40 | lr 7.875671e-05 | 99.2s
Epoch 09 | 03100/06880 | loss 3.5384 | ppl 34.41 | lr 7.868895e-05 | 102.8s
Epoch 09 | 03200/06880 | loss 3.5389 | ppl 34.43 | lr 7.862136e-05 | 106.3s
Epoch 09 | 03300/06880 | loss 3.5390 | ppl 34.43 | lr 7.855395e-05 | 109.8s
Epoch 09 | 03400/06880 | loss 3.5389 | ppl 34.43 | lr 7.848671e-05 | 113.5s
Epoch 09 | 03500/06880 | loss 3.5392 | ppl 34.44 | lr 7.841965e-05 | 117.1s
Epoch 09 | 03600/06880 | loss 3.5397 | ppl 34.46 | lr 7.835275e-05 | 120.7s
Epoch 09 | 03700/06880 | loss 3.5397 | ppl 34.46 | lr 7.828603e-05 | 124.2s
Epoch 09 | 03800/06880 | loss 3.5398 | ppl 34.46 | lr 7.821948e-05 | 127.5s
Epoch 09 | 03900/06880 | loss 3.5397 | ppl 34.46 | lr 7.81531e-05 | 130.9s
Epoch 09 | 04000/06880 | loss 3.5402 | ppl 34.47 | lr 7.808688e-05 | 134.1s
Epoch 09 | 04100/06880 | loss 3.5403 | ppl 34.48 | lr 7.802083e-05 | 137.4s
Epoch 09 | 04200/06880 | loss 3.5406 | ppl 34.49 | lr 7.795496e-05 | 140.6s
Epoch 09 | 04300/06880 | loss 3.5406 | ppl 34.49 | lr 7.788924e-05 | 143.7s
Epoch 09 | 04400/06880 | loss 3.5410 | ppl 34.50 | lr 7.78237e-05 | 147.1s
Epoch 09 | 04500/06880 | loss 3.5409 | ppl 34.50 | lr 7.775831e-05 | 150.4s
Epoch 09 | 04600/06880 | loss 3.5412 | ppl 34.51 | lr 7.76931e-05 | 153.6s
Epoch 09 | 04700/06880 | loss 3.5414 | ppl 34.51 | lr 7.762804e-05 | 156.9s
Epoch 09 | 04800/06880 | loss 3.5418 | ppl 34.53 | lr 7.756315e-05 | 160.2s
Epoch 09 | 04900/06880 | loss 3.5421 | ppl 34.54 | lr 7.749843e-05 | 163.5s
Epoch 09 | 05000/06880 | loss 3.5422 | ppl 34.54 | lr 7.743386e-05 | 166.9s
Epoch 09 | 05100/06880 | loss 3.5420 | ppl 34.54 | lr 7.736946e-05 | 170.2s
Epoch 09 | 05200/06880 | loss 3.5424 | ppl 34.55 | lr 7.730521e-05 | 173.5s
Epoch 09 | 05300/06880 | loss 3.5427 | ppl 34.56 | lr 7.724113e-05 | 176.7s
Epoch 09 | 05400/06880 | loss 3.5428 | ppl 34.56 | lr 7.71772e-05 | 180.0s
Epoch 09 | 05500/06880 | loss 3.5428 | ppl 34.56 | lr 7.711343e-05 | 183.3s
Epoch 09 | 05600/06880 | loss 3.5426 | ppl 34.56 | lr 7.704982e-05 | 186.6s
Epoch 09 | 05700/06880 | loss 3.5428 | ppl 34.56 | lr 7.698637e-05 | 189.9s
Epoch 09 | 05800/06880 | loss 3.5429 | ppl 34.57 | lr 7.692308e-05 | 193.1s
Epoch 09 | 05900/06880 | loss 3.5428 | ppl 34.56 | lr 7.685994e-05 | 196.4s
Epoch 09 | 06000/06880 | loss 3.5428 | ppl 34.56 | lr 7.679695e-05 | 199.6s
Epoch 09 | 06100/06880 | loss 3.5427 | ppl 34.56 | lr 7.673412e-05 | 203.0s
Epoch 09 | 06200/06880 | loss 3.5428 | ppl 34.56 | lr 7.667145e-05 | 206.3s
Epoch 09 | 06300/06880 | loss 3.5430 | ppl 34.57 | lr 7.660892e-05 | 209.5s
Epoch 09 | 06400/06880 | loss 3.5431 | ppl 34.57 | lr 7.654655e-05 | 212.8s
Epoch 09 | 06500/06880 | loss 3.5430 | ppl 34.57 | lr 7.648434e-05 | 216.2s
Epoch 09 | 06600/06880 | loss 3.5430 | ppl 34.57 | lr 7.642227e-05 | 219.7s
Epoch 09 | 06700/06880 | loss 3.5431 | ppl 34.57 | lr 7.636035e-05 | 223.0s
Epoch 09 | 06800/06880 | loss 3.5429 | ppl 34.57 | lr 7.629859e-05 | 226.4s
Epoch 09 complete | train loss 3.5428 | dev loss 3.6006 | train BLEU 20.05 | dev BLEU 15.47 | 239.3s
Epoch 10 | 00100/06880 | loss 3.4688 | ppl 32.10 | lr 7.618779e-05 | 3.6s
Epoch 10 | 00200/06880 | loss 3.4784 | ppl 32.41 | lr 7.612644e-05 | 7.3s
Epoch 10 | 00300/06880 | loss 3.4792 | ppl 32.43 | lr 7.606524e-05 | 10.6s
Epoch 10 | 00400/06880 | loss 3.4799 | ppl 32.46 | lr 7.600419e-05 | 13.8s
Epoch 10 | 00500/06880 | loss 3.4812 | ppl 32.50 | lr 7.594328e-05 | 17.1s
Epoch 10 | 00600/06880 | loss 3.4817 | ppl 32.51 | lr 7.588252e-05 | 20.4s
Epoch 10 | 00700/06880 | loss 3.4847 | ppl 32.61 | lr 7.582191e-05 | 23.7s
Epoch 10 | 00800/06880 | loss 3.4854 | ppl 32.63 | lr 7.576144e-05 | 27.0s
Epoch 10 | 00900/06880 | loss 3.4859 | ppl 32.65 | lr 7.570112e-05 | 30.3s
Epoch 10 | 01000/06880 | loss 3.4853 | ppl 32.63 | lr 7.564094e-05 | 33.7s
Epoch 10 | 01100/06880 | loss 3.4882 | ppl 32.73 | lr 7.55809e-05 | 37.1s
Epoch 10 | 01200/06880 | loss 3.4890 | ppl 32.75 | lr 7.5521e-05 | 40.4s
Epoch 10 | 01300/06880 | loss 3.4893 | ppl 32.76 | lr 7.546125e-05 | 43.7s
Epoch 10 | 01400/06880 | loss 3.4909 | ppl 32.81 | lr 7.540164e-05 | 46.9s
Epoch 10 | 01500/06880 | loss 3.4914 | ppl 32.83 | lr 7.534217e-05 | 50.1s
Epoch 10 | 01600/06880 | loss 3.4921 | ppl 32.85 | lr 7.528284e-05 | 53.3s
Epoch 10 | 01700/06880 | loss 3.4926 | ppl 32.87 | lr 7.522365e-05 | 56.6s
Epoch 10 | 01800/06880 | loss 3.4929 | ppl 32.88 | lr 7.51646e-05 | 59.9s
Epoch 10 | 01900/06880 | loss 3.4919 | ppl 32.85 | lr 7.510569e-05 | 63.2s
Epoch 10 | 02000/06880 | loss 3.4925 | ppl 32.87 | lr 7.504692e-05 | 66.6s
Epoch 10 | 02100/06880 | loss 3.4937 | ppl 32.91 | lr 7.498828e-05 | 69.9s
Epoch 10 | 02200/06880 | loss 3.4934 | ppl 32.90 | lr 7.492979e-05 | 73.2s
Epoch 10 | 02300/06880 | loss 3.4939 | ppl 32.91 | lr 7.487143e-05 | 76.5s
Epoch 10 | 02400/06880 | loss 3.4944 | ppl 32.93 | lr 7.48132e-05 | 79.9s
Epoch 10 | 02500/06880 | loss 3.4940 | ppl 32.92 | lr 7.475511e-05 | 83.2s
Epoch 10 | 02600/06880 | loss 3.4945 | ppl 32.93 | lr 7.469716e-05 | 86.5s
Epoch 10 | 02700/06880 | loss 3.4945 | ppl 32.93 | lr 7.463934e-05 | 89.8s
Epoch 10 | 02800/06880 | loss 3.4942 | ppl 32.93 | lr 7.458165e-05 | 93.1s
Epoch 10 | 02900/06880 | loss 3.4954 | ppl 32.96 | lr 7.45241e-05 | 96.5s
Epoch 10 | 03000/06880 | loss 3.4956 | ppl 32.97 | lr 7.446668e-05 | 99.7s
Epoch 10 | 03100/06880 | loss 3.4955 | ppl 32.97 | lr 7.440939e-05 | 103.2s
Epoch 10 | 03200/06880 | loss 3.4955 | ppl 32.97 | lr 7.435224e-05 | 106.7s
Epoch 10 | 03300/06880 | loss 3.4958 | ppl 32.98 | lr 7.429522e-05 | 110.1s
Epoch 10 | 03400/06880 | loss 3.4962 | ppl 32.99 | lr 7.423832e-05 | 113.7s
Epoch 10 | 03500/06880 | loss 3.4967 | ppl 33.01 | lr 7.418156e-05 | 117.2s
Epoch 10 | 03600/06880 | loss 3.4970 | ppl 33.02 | lr 7.412493e-05 | 120.9s
Epoch 10 | 03700/06880 | loss 3.4973 | ppl 33.03 | lr 7.406843e-05 | 124.5s
Epoch 10 | 03800/06880 | loss 3.4977 | ppl 33.04 | lr 7.401206e-05 | 128.0s
Epoch 10 | 03900/06880 | loss 3.4977 | ppl 33.04 | lr 7.395581e-05 | 131.5s
Epoch 10 | 04000/06880 | loss 3.4977 | ppl 33.04 | lr 7.38997e-05 | 134.8s
Epoch 10 | 04100/06880 | loss 3.4981 | ppl 33.05 | lr 7.384371e-05 | 138.3s
Epoch 10 | 04200/06880 | loss 3.4981 | ppl 33.05 | lr 7.378785e-05 | 141.9s
Epoch 10 | 04300/06880 | loss 3.4985 | ppl 33.07 | lr 7.373211e-05 | 145.6s
Epoch 10 | 04400/06880 | loss 3.4989 | ppl 33.08 | lr 7.36765e-05 | 149.1s
Epoch 10 | 04500/06880 | loss 3.4993 | ppl 33.09 | lr 7.362102e-05 | 152.6s
Epoch 10 | 04600/06880 | loss 3.4995 | ppl 33.10 | lr 7.356566e-05 | 156.0s
Epoch 10 | 04700/06880 | loss 3.4997 | ppl 33.11 | lr 7.351043e-05 | 159.3s
Epoch 10 | 04800/06880 | loss 3.4997 | ppl 33.11 | lr 7.345532e-05 | 162.6s
Epoch 10 | 04900/06880 | loss 3.5002 | ppl 33.12 | lr 7.340033e-05 | 165.9s
Epoch 10 | 05000/06880 | loss 3.5003 | ppl 33.13 | lr 7.334547e-05 | 169.2s
Epoch 10 | 05100/06880 | loss 3.5010 | ppl 33.15 | lr 7.329073e-05 | 172.4s
Epoch 10 | 05200/06880 | loss 3.5008 | ppl 33.14 | lr 7.323611e-05 | 175.8s
Epoch 10 | 05300/06880 | loss 3.5009 | ppl 33.15 | lr 7.318162e-05 | 179.2s
Epoch 10 | 05400/06880 | loss 3.5011 | ppl 33.15 | lr 7.312724e-05 | 182.6s
Epoch 10 | 05500/06880 | loss 3.5015 | ppl 33.17 | lr 7.307299e-05 | 185.9s
Epoch 10 | 05600/06880 | loss 3.5015 | ppl 33.17 | lr 7.301886e-05 | 189.2s
Epoch 10 | 05700/06880 | loss 3.5015 | ppl 33.16 | lr 7.296485e-05 | 192.5s
Epoch 10 | 05800/06880 | loss 3.5014 | ppl 33.16 | lr 7.291095e-05 | 195.9s
Epoch 10 | 05900/06880 | loss 3.5013 | ppl 33.16 | lr 7.285718e-05 | 199.3s
Epoch 10 | 06000/06880 | loss 3.5014 | ppl 33.16 | lr 7.280353e-05 | 202.7s
Epoch 10 | 06100/06880 | loss 3.5017 | ppl 33.17 | lr 7.274999e-05 | 206.1s
Epoch 10 | 06200/06880 | loss 3.5017 | ppl 33.17 | lr 7.269657e-05 | 209.4s
Epoch 10 | 06300/06880 | loss 3.5017 | ppl 33.17 | lr 7.264327e-05 | 212.7s
Epoch 10 | 06400/06880 | loss 3.5019 | ppl 33.18 | lr 7.259009e-05 | 216.1s
Epoch 10 | 06500/06880 | loss 3.5022 | ppl 33.19 | lr 7.253702e-05 | 219.8s
Epoch 10 | 06600/06880 | loss 3.5022 | ppl 33.19 | lr 7.248407e-05 | 223.4s
Epoch 10 | 06700/06880 | loss 3.5025 | ppl 33.20 | lr 7.243124e-05 | 226.9s
Epoch 10 | 06800/06880 | loss 3.5027 | ppl 33.20 | lr 7.237852e-05 | 230.1s
Epoch 10 complete | train loss 3.5026 | dev loss 3.5672 | train BLEU 20.27 | dev BLEU 16.13 | 242.5s
{
  "best_epoch": 10,
  "best_dev_bleu": 16.132226569783963,
  "best_dev_loss": 3.5671728337093986,
  "best_model": "/data/student/i2311021/projects/100-swing-drill/chapter_10_2020/models/95_sentencepiece/best_model.pt",
  "batch_size": 64,
  "learning_rate": 0.0003,
  "optimizer": "adamw"
}
